Archive member included to satisfy reference by file (symbol)

/usr/lib/gap_riscv_toolchain/bin/../lib/gcc/riscv32-unknown-elf/7.1.1/rv32imcxgap8/ilp32/libgcc.a(_bswapsi2.o)
                              /module/examples/ai/classification/BUILD/GAP8_V2/GCC_RISCV_FREERTOS//gap_sdk/rtos/pmsis/pmsis_bsp/fs/lfs/lfs.o (__bswapsi2)
/usr/lib/gap_riscv_toolchain/bin/../lib/gcc/riscv32-unknown-elf/7.1.1/rv32imcxgap8/ilp32/libgcc.a(_udivdi3.o)
                              /module/examples/ai/classification/BUILD/GAP8_V2/GCC_RISCV_FREERTOS//gap_sdk/rtos/freeRTOS/vendors/gwt/pmsis/backend/pmsis_backend_native_task_api.o (__udivdi3)
/usr/lib/gap_riscv_toolchain/bin/../lib/gcc/riscv32-unknown-elf/7.1.1/rv32imcxgap8/ilp32/libgcc.a(adddf3.o)
                              /module/examples/ai/classification/BUILD/GAP8_V2/GCC_RISCV_FREERTOS//gap_sdk/rtos/freeRTOS/vendors/gwt/libs/printf/printf.o (__adddf3)
/usr/lib/gap_riscv_toolchain/bin/../lib/gcc/riscv32-unknown-elf/7.1.1/rv32imcxgap8/ilp32/libgcc.a(divdf3.o)
                              /module/examples/ai/classification/BUILD/GAP8_V2/GCC_RISCV_FREERTOS//gap_sdk/rtos/freeRTOS/vendors/gwt/libs/printf/printf.o (__divdf3)
/usr/lib/gap_riscv_toolchain/bin/../lib/gcc/riscv32-unknown-elf/7.1.1/rv32imcxgap8/ilp32/libgcc.a(eqdf2.o)
                              /module/examples/ai/classification/BUILD/GAP8_V2/GCC_RISCV_FREERTOS//gap_sdk/rtos/freeRTOS/vendors/gwt/libs/printf/printf.o (__nedf2)
/usr/lib/gap_riscv_toolchain/bin/../lib/gcc/riscv32-unknown-elf/7.1.1/rv32imcxgap8/ilp32/libgcc.a(gedf2.o)
                              /module/examples/ai/classification/BUILD/GAP8_V2/GCC_RISCV_FREERTOS//gap_sdk/rtos/freeRTOS/vendors/gwt/libs/printf/printf.o (__gedf2)
/usr/lib/gap_riscv_toolchain/bin/../lib/gcc/riscv32-unknown-elf/7.1.1/rv32imcxgap8/ilp32/libgcc.a(ledf2.o)
                              /module/examples/ai/classification/BUILD/GAP8_V2/GCC_RISCV_FREERTOS//gap_sdk/rtos/freeRTOS/vendors/gwt/libs/printf/printf.o (__ledf2)
/usr/lib/gap_riscv_toolchain/bin/../lib/gcc/riscv32-unknown-elf/7.1.1/rv32imcxgap8/ilp32/libgcc.a(muldf3.o)
                              /module/examples/ai/classification/BUILD/GAP8_V2/GCC_RISCV_FREERTOS//gap_sdk/rtos/freeRTOS/vendors/gwt/libs/printf/printf.o (__muldf3)
/usr/lib/gap_riscv_toolchain/bin/../lib/gcc/riscv32-unknown-elf/7.1.1/rv32imcxgap8/ilp32/libgcc.a(subdf3.o)
                              /module/examples/ai/classification/BUILD/GAP8_V2/GCC_RISCV_FREERTOS//gap_sdk/rtos/freeRTOS/vendors/gwt/libs/printf/printf.o (__subdf3)
/usr/lib/gap_riscv_toolchain/bin/../lib/gcc/riscv32-unknown-elf/7.1.1/rv32imcxgap8/ilp32/libgcc.a(fixdfsi.o)
                              /module/examples/ai/classification/BUILD/GAP8_V2/GCC_RISCV_FREERTOS//gap_sdk/tools/autotiler_v3/DSP_Libraries/CmplxFunctions.o (__fixdfsi)
/usr/lib/gap_riscv_toolchain/bin/../lib/gcc/riscv32-unknown-elf/7.1.1/rv32imcxgap8/ilp32/libgcc.a(fixunsdfsi.o)
                              /module/examples/ai/classification/BUILD/GAP8_V2/GCC_RISCV_FREERTOS//gap_sdk/rtos/freeRTOS/vendors/gwt/libs/printf/printf.o (__fixunsdfsi)
/usr/lib/gap_riscv_toolchain/bin/../lib/gcc/riscv32-unknown-elf/7.1.1/rv32imcxgap8/ilp32/libgcc.a(floatsidf.o)
                              /module/examples/ai/classification/BUILD/GAP8_V2/GCC_RISCV_FREERTOS//gap_sdk/tools/autotiler_v3/DSP_Libraries/CmplxFunctions.o (__floatsidf)
/usr/lib/gap_riscv_toolchain/bin/../lib/gcc/riscv32-unknown-elf/7.1.1/rv32imcxgap8/ilp32/libgcc.a(floatunsidf.o)
                              /module/examples/ai/classification/BUILD/GAP8_V2/GCC_RISCV_FREERTOS//gap_sdk/rtos/freeRTOS/vendors/gwt/libs/printf/printf.o (__floatunsidf)
/usr/lib/gap_riscv_toolchain/bin/../lib/gcc/riscv32-unknown-elf/7.1.1/rv32imcxgap8/ilp32/libgcc.a(addsf3.o)
                              /module/examples/ai/classification/BUILD/GAP8_V2/GCC_RISCV_FREERTOS//gap_sdk/tools/autotiler_v3/CNN_Libraries_SQ8/CNN_AT_Misc.o (__addsf3)
/usr/lib/gap_riscv_toolchain/bin/../lib/gcc/riscv32-unknown-elf/7.1.1/rv32imcxgap8/ilp32/libgcc.a(divsf3.o)
                              /module/examples/ai/classification/BUILD/GAP8_V2/GCC_RISCV_FREERTOS//gap_sdk/tools/autotiler_v3/DSP_Libraries/FFT_Library.o (__divsf3)
/usr/lib/gap_riscv_toolchain/bin/../lib/gcc/riscv32-unknown-elf/7.1.1/rv32imcxgap8/ilp32/libgcc.a(eqsf2.o)
                              /module/examples/ai/classification/BUILD/GAP8_V2/GCC_RISCV_FREERTOS//gap_sdk/tools/autotiler_v3/DSP_Libraries/MfccBasicKernels.o (__nesf2)
/usr/lib/gap_riscv_toolchain/bin/../lib/gcc/riscv32-unknown-elf/7.1.1/rv32imcxgap8/ilp32/libgcc.a(gesf2.o)
                              /module/examples/ai/classification/BUILD/GAP8_V2/GCC_RISCV_FREERTOS//gap_sdk/tools/autotiler_v3/CNN_Libraries/CNN_Copy.o (__gtsf2)
/usr/lib/gap_riscv_toolchain/bin/../lib/gcc/riscv32-unknown-elf/7.1.1/rv32imcxgap8/ilp32/libgcc.a(lesf2.o)
[...]
Memory Configuration

Name             Origin             Length             Attributes
FC_tcdm          0x000000001b000000 0x0000000000004000
fc_tcdm_aliased  0x0000000000000004 0x0000000000003ffc
L2               0x000000001c000000 0x0000000000080000
L1_sram          0x0000000010000000 0x0000000000010000
*default*        0x0000000000000000 0xffffffffffffffff

Linker script and memory map

LOAD /module/examples/ai/classification/BUILD/GAP8_V2/GCC_RISCV_FREERTOS/classification.o
LOAD /module/examples/ai/classification/BUILD/GAP8_V2/GCC_RISCV_FREERTOS/../../../lib/cpx/src/com.o
LOAD /module/examples/ai/classification/BUILD/GAP8_V2/GCC_RISCV_FREERTOS/../../../lib/cpx/src/cpx.o
LOAD /module/examples/ai/classification/BUILD/GAP8_V2/GCC_RISCV_FREERTOS/BUILD_MODEL_SQ8BIT/classificationKernels.o
LOAD /module/examples/ai/classification/BUILD/GAP8_V2/GCC_RISCV_FREERTOS//gap_sdk/libs/gap_lib/img_io/ImgIO.o
LOAD /module/examples/ai/classification/BUILD/GAP8_V2/GCC_RISCV_FREERTOS//gap_sdk/tools/autotiler_v3/CNN_Libraries/SSD_BasicKernels.o
LOAD /module/examples/ai/classification/BUILD/GAP8_V2/GCC_RISCV_FREERTOS//gap_sdk/tools/autotiler_v3/Generators/BilinearResizes/ResizeBasicKernels.o
LOAD /module/examples/ai/classification/BUILD/GAP8_V2/GCC_RISCV_FREERTOS//gap_sdk/tools/autotiler_v3/CNN_Libraries/CNN_Copy.o
LOAD /module/examples/ai/classification/BUILD/GAP8_V2/GCC_RISCV_FREERTOS//gap_sdk/tools/autotiler_v3/CNN_Libraries_SQ8/CNN_AT_Misc.o
LOAD /module/examples/ai/classification/BUILD/GAP8_V2/GCC_RISCV_FREERTOS//gap_sdk/tools/autotiler_v3/DSP_Libraries/CmplxFunctions.o
LOAD /module/examples/ai/classification/BUILD/GAP8_V2/GCC_RISCV_FREERTOS//gap_sdk/tools/autotiler_v3/DSP_Libraries/FFT_Library.o
LOAD /module/examples/ai/classification/BUILD/GAP8_V2/GCC_RISCV_FREERTOS//gap_sdk/tools/autotiler_v3/DSP_Libraries/MfccBasicKernels.o
LOAD /module/examples/ai/classification/BUILD/GAP8_V2/GCC_RISCV_FREERTOS//gap_sdk/tools/autotiler_v3/DSP_Libraries/PreProcessing.o
LOAD /module/examples/ai/classification/BUILD/GAP8_V2/GCC_RISCV_FREERTOS//gap_sdk/tools/autotiler_v3/DSP_Libraries/math_funcs.o
LOAD /module/examples/ai/classification/BUILD/GAP8_V2/GCC_RISCV_FREERTOS//gap_sdk/tools/autotiler_v3/DSP_Libraries/pulp_dsp/plp_cos_f32s_xpulpv2.o
LOAD /module/examples/ai/classification/BUILD/GAP8_V2/GCC_RISCV_FREERTOS//gap_sdk/tools/autotiler_v3/DSP_Libraries/pulp_dsp/plp_sin_f32s_xpulpv2.o
LOAD /module/examples/ai/classification/BUILD/GAP8_V2/GCC_RISCV_FREERTOS//gap_sdk/tools/autotiler_v3/DSP_Libraries/pulp_dsp/plp_common_tables.o
LOAD /module/examples/ai/classification/BUILD/GAP8_V2/GCC_RISCV_FREERTOS//gap_sdk/tools/autotiler_v3/CNN_Libraries_SQ8/CNN_Activation_SQ8.o
LOAD /module/examples/ai/classification/BUILD/GAP8_V2/GCC_RISCV_FREERTOS//gap_sdk/tools/autotiler_v3/CNN_Libraries_SQ8/CNN_Activation_HWC_SQ8.o
LOAD /module/examples/ai/classification/BUILD/GAP8_V2/GCC_RISCV_FREERTOS//gap_sdk/tools/autotiler_v3/CNN_Libraries_SQ8/CNN_Bias_Linear_SQ8.o
LOAD /module/examples/ai/classification/BUILD/GAP8_V2/GCC_RISCV_FREERTOS//gap_sdk/tools/autotiler_v3/CNN_Libraries_SQ8/CNN_Conv_SQ8.o
LOAD /module/examples/ai/classification/BUILD/GAP8_V2/GCC_RISCV_FREERTOS//gap_sdk/tools/autotiler_v3/CNN_Libraries_SQ8/CNN_MatMul_Conv_SQ8.o
LOAD /module/examples/ai/classification/BUILD/GAP8_V2/GCC_RISCV_FREERTOS//gap_sdk/tools/autotiler_v3/CNN_Libraries_SQ8/CNN_Pooling_SQ8.o
LOAD /module/examples/ai/classification/BUILD/GAP8_V2/GCC_RISCV_FREERTOS//gap_sdk/tools/autotiler_v3/CNN_Libraries_SQ8/CNN_Conv_DW_SQ8.o
LOAD /module/examples/ai/classification/BUILD/GAP8_V2/GCC_RISCV_FREERTOS//gap_sdk/tools/autotiler_v3/CNN_Libraries_SQ8/CNN_MatAlgebra_SQ8.o
LOAD /module/examples/ai/classification/BUILD/GAP8_V2/GCC_RISCV_FREERTOS//gap_sdk/tools/autotiler_v3/CNN_Libraries_SQ8/CNN_SoftMax_SQ8.o
LOAD /module/examples/ai/classification/BUILD/GAP8_V2/GCC_RISCV_FREERTOS//gap_sdk/tools/autotiler_v3/CNN_Libraries_SQ8/RNN_SQ8.o
LOAD /module/examples/ai/classification/BUILD/GAP8_V2/GCC_RISCV_FREERTOS//gap_sdk/rtos/freeRTOS/vendors/gwt/gap8/src/device/gap8_iet.o
LOAD /module/examples/ai/classification/BUILD/GAP8_V2/GCC_RISCV_FREERTOS//gap_sdk/rtos/freeRTOS/vendors/gwt/gap8/src/device/startup_gap8.o
LOAD /module/examples/ai/classification/BUILD/GAP8_V2/GCC_RISCV_FREERTOS//gap_sdk/rtos/freeRTOS/vendors/gwt/gap8/pmsis/cluster/drivers/cluster_synchronisation/cluster_core.o
LOAD /module/examples/ai/classification/BUILD/GAP8_V2/GCC_RISCV_FREERTOS//gap_sdk/rtos/freeRTOS/vendors/gwt/gap8/pmsis/util/asm_util.o
LOAD /module/examples/ai/classification/BUILD/GAP8_V2/GCC_RISCV_FREERTOS//gap_sdk/rtos/freeRTOS/freertos_kernel/portable/GCC/RI5CY-GAP8/port_asm.o
LOAD /module/examples/ai/classification/BUILD/GAP8_V2/GCC_RISCV_FREERTOS//gap_sdk/rtos/freeRTOS/vendors/gwt/gap8/src/device/gap8_it.o
LOAD /module/examples/ai/classification/BUILD/GAP8_V2/GCC_RISCV_FREERTOS//gap_sdk/rtos/freeRTOS/vendors/gwt/gap8/src/device/system_gap8.o
LOAD /module/examples/ai/classification/BUILD/GAP8_V2/GCC_RISCV_FREERTOS//gap_sdk/rtos/freeRTOS/vendors/gwt/gap8/src/driver/gap_io.o
LOAD /module/examples/ai/classification/BUILD/GAP8_V2/GCC_RISCV_FREERTOS//gap_sdk/rtos/freeRTOS/vendors/gwt/libs/src/stdlib.o
LOAD /module/examples/ai/classification/BUILD/GAP8_V2/GCC_RISCV_FREERTOS//gap_sdk/rtos/freeRTOS/vendors/gwt/libs/src/string.o
LOAD /module/examples/ai/classification/BUILD/GAP8_V2/GCC_RISCV_FREERTOS//gap_sdk/rtos/freeRTOS/vendors/gwt/libs/src/errno.o
LOAD /module/examples/ai/classification/BUILD/GAP8_V2/GCC_RISCV_FREERTOS//gap_sdk/rtos/freeRTOS/vendors/gwt/gap8/pmsis/cluster/malloc/cl_malloc.o
LOAD /module/examples/ai/classification/BUILD/GAP8_V2/GCC_RISCV_FREERTOS//gap_sdk/rtos/freeRTOS/vendors/gwt/gap8/pmsis/cluster/drivers/cluster_synchronisation/cl_to_fc_delegate.o
LOAD /module/examples/ai/classification/BUILD/GAP8_V2/GCC_RISCV_FREERTOS//gap_sdk/rtos/freeRTOS/vendors/gwt/gap8/pmsis/cluster/drivers/cluster_synchronisation/fc_to_cl_delegate.o
LOAD /module/examples/ai/classification/BUILD/GAP8_V2/GCC_RISCV_FREERTOS//gap_sdk/rtos/freeRTOS/vendors/gwt/gap8/pmsis/cluster/drivers/cluster_team/cl_team.o
LOAD /module/examples/ai/classification/BUILD/GAP8_V2/GCC_RISCV_FREERTOS//gap_sdk/rtos/freeRTOS/vendors/gwt/gap8/pmsis/cluster/drivers/delegate/hyperbus/hyperbus_cl_internal.o
LOAD /module/examples/ai/classification/BUILD/GAP8_V2/GCC_RISCV_FREERTOS//gap_sdk/rtos/freeRTOS/vendors/gwt/gap8/pmsis/cluster/drivers/delegate/uart/uart_cl_internal.o
LOAD /module/examples/ai/classification/BUILD/GAP8_V2/GCC_RISCV_FREERTOS//gap_sdk/rtos/freeRTOS/vendors/gwt/gap8/pmsis/cluster/drivers/dma/cl_dma_irq.o
LOAD /module/examples/ai/classification/BUILD/GAP8_V2/GCC_RISCV_FREERTOS//gap_sdk/rtos/freeRTOS/vendors/gwt/gap8/pmsis/drivers/fc_event/fc_event.o
LOAD /module/examples/ai/classification/BUILD/GAP8_V2/GCC_RISCV_FREERTOS//gap_sdk/rtos/freeRTOS/vendors/gwt/gap8/pmsis/drivers/fll/fll.o
LOAD /module/examples/ai/classification/BUILD/GAP8_V2/GCC_RISCV_FREERTOS//gap_sdk/rtos/freeRTOS/vendors/gwt/gap8/pmsis/drivers/gpio/gpio.o
LOAD /module/examples/ai/classification/BUILD/GAP8_V2/GCC_RISCV_FREERTOS//gap_sdk/rtos/freeRTOS/vendors/gwt/gap8/pmsis/drivers/pad/pad.o
LOAD /module/examples/ai/classification/BUILD/GAP8_V2/GCC_RISCV_FREERTOS//gap_sdk/rtos/freeRTOS/vendors/gwt/gap8/pmsis/drivers/pmu/pmu.o
LOAD /module/examples/ai/classification/BUILD/GAP8_V2/GCC_RISCV_FREERTOS//gap_sdk/rtos/freeRTOS/vendors/gwt/gap8/pmsis/drivers/pmu/pmu_internal.o
LOAD /module/examples/ai/classification/BUILD/GAP8_V2/GCC_RISCV_FREERTOS//gap_sdk/rtos/freeRTOS/vendors/gwt/gap8/pmsis/drivers/pwm/pwm.o
LOAD /module/examples/ai/classification/BUILD/GAP8_V2/GCC_RISCV_FREERTOS//gap_sdk/rtos/freeRTOS/vendors/gwt/gap8/pmsis/drivers/pwm/pwm_internal.o
LOAD /module/examples/ai/classification/BUILD/GAP8_V2/GCC_RISCV_FREERTOS//gap_sdk/rtos/freeRTOS/vendors/gwt/gap8/pmsis/drivers/rtc/rtc.o
LOAD /module/examples/ai/classification/BUILD/GAP8_V2/GCC_RISCV_FREERTOS//gap_sdk/rtos/freeRTOS/vendors/gwt/gap8/pmsis/drivers/rtc/rtc_internal.o
LOAD /module/examples/ai/classification/BUILD/GAP8_V2/GCC_RISCV_FREERTOS//gap_sdk/rtos/freeRTOS/vendors/gwt/gap8/pmsis/drivers/timer/timer.o
LOAD /module/examples/ai/classification/BUILD/GAP8_V2/GCC_RISCV_FREERTOS//gap_sdk/rtos/freeRTOS/vendors/gwt/gap8/pmsis/drivers/udma/hyperbus/hyperbus.o
LOAD /module/examples/ai/classification/BUILD/GAP8_V2/GCC_RISCV_FREERTOS//gap_sdk/rtos/freeRTOS/vendors/gwt/gap8/pmsis/drivers/udma/hyperbus/hyperbus_internal.o
LOAD /module/examples/ai/classification/BUILD/GAP8_V2/GCC_RISCV_FREERTOS//gap_sdk/rtos/freeRTOS/vendors/gwt/gap8/pmsis/drivers/udma/cpi/cpi.o
LOAD /module/examples/ai/classification/BUILD/GAP8_V2/GCC_RISCV_FREERTOS//gap_sdk/rtos/freeRTOS/vendors/gwt/gap8/pmsis/drivers/udma/cpi/cpi_internal.o
LOAD /module/examples/ai/classification/BUILD/GAP8_V2/GCC_RISCV_FREERTOS//gap_sdk/rtos/freeRTOS/vendors/gwt/gap8/pmsis/drivers/udma/dmacpy/dmacpy.o
LOAD /module/examples/ai/classification/BUILD/GAP8_V2/GCC_RISCV_FREERTOS//gap_sdk/rtos/freeRTOS/vendors/gwt/gap8/pmsis/drivers/udma/dmacpy/dmacpy_internal.o
LOAD /module/examples/ai/classification/BUILD/GAP8_V2/GCC_RISCV_FREERTOS//gap_sdk/rtos/freeRTOS/vendors/gwt/gap8/pmsis/drivers/udma/i2c/i2c.o
LOAD /module/examples/ai/classification/BUILD/GAP8_V2/GCC_RISCV_FREERTOS//gap_sdk/rtos/freeRTOS/vendors/gwt/gap8/pmsis/drivers/udma/i2c/i2c_internal.o
LOAD /module/examples/ai/classification/BUILD/GAP8_V2/GCC_RISCV_FREERTOS//gap_sdk/rtos/freeRTOS/vendors/gwt/gap8/pmsis/drivers/udma/i2s/i2s.o
LOAD /module/examples/ai/classification/BUILD/GAP8_V2/GCC_RISCV_FREERTOS//gap_sdk/rtos/freeRTOS/vendors/gwt/gap8/pmsis/drivers/udma/i2s/i2s_internal.o
LOAD /module/examples/ai/classification/BUILD/GAP8_V2/GCC_RISCV_FREERTOS//gap_sdk/rtos/freeRTOS/vendors/gwt/gap8/pmsis/drivers/udma/spi/spi.o
LOAD /module/examples/ai/classification/BUILD/GAP8_V2/GCC_RISCV_FREERTOS//gap_sdk/rtos/freeRTOS/vendors/gwt/gap8/pmsis/drivers/udma/spi/spi_internal.o
LOAD /module/examples/ai/classification/BUILD/GAP8_V2/GCC_RISCV_FREERTOS//gap_sdk/rtos/freeRTOS/vendors/gwt/gap8/pmsis/drivers/udma/uart/uart.o
LOAD /module/examples/ai/classification/BUILD/GAP8_V2/GCC_RISCV_FREERTOS//gap_sdk/rtos/freeRTOS/vendors/gwt/gap8/pmsis/drivers/udma/uart/uart_internal.o
LOAD /module/examples/ai/classification/BUILD/GAP8_V2/GCC_RISCV_FREERTOS//gap_sdk/rtos/pmsis/pmsis_bsp/flash/flash.o
LOAD /module/examples/ai/classification/BUILD/GAP8_V2/GCC_RISCV_FREERTOS//gap_sdk/rtos/pmsis/pmsis_bsp/partition/partition.o
LOAD /module/examples/ai/classification/BUILD/GAP8_V2/GCC_RISCV_FREERTOS//gap_sdk/rtos/pmsis/pmsis_bsp/partition/flash_partition.o
LOAD /module/examples/ai/classification/BUILD/GAP8_V2/GCC_RISCV_FREERTOS//gap_sdk/rtos/pmsis/pmsis_bsp/crc/md5.o
LOAD /module/examples/ai/classification/BUILD/GAP8_V2/GCC_RISCV_FREERTOS//gap_sdk/rtos/pmsis/pmsis_bsp/fs/fs.o
LOAD /module/examples/ai/classification/BUILD/GAP8_V2/GCC_RISCV_FREERTOS//gap_sdk/rtos/pmsis/pmsis_bsp/fs/lfs/lfs.o
LOAD /module/examples/ai/classification/BUILD/GAP8_V2/GCC_RISCV_FREERTOS//gap_sdk/rtos/pmsis/pmsis_bsp/fs/lfs/lfs_util.o
LOAD /module/examples/ai/classification/BUILD/GAP8_V2/GCC_RISCV_FREERTOS//gap_sdk/rtos/pmsis/pmsis_bsp/fs/lfs/pi_lfs.o
LOAD /module/examples/ai/classification/BUILD/GAP8_V2/GCC_RISCV_FREERTOS//gap_sdk/rtos/pmsis/pmsis_bsp/fs/read_fs/read_fs.o
LOAD /module/examples/ai/classification/BUILD/GAP8_V2/GCC_RISCV_FREERTOS//gap_sdk/rtos/pmsis/pmsis_bsp/fs/host_fs/semihost.o
LOAD /module/examples/ai/classification/BUILD/GAP8_V2/GCC_RISCV_FREERTOS//gap_sdk/rtos/pmsis/pmsis_bsp/fs/host_fs/host_fs.o
LOAD /module/examples/ai/classification/BUILD/GAP8_V2/GCC_RISCV_FREERTOS//gap_sdk/rtos/pmsis/pmsis_bsp/ota/ota.o
LOAD /module/examples/ai/classification/BUILD/GAP8_V2/GCC_RISCV_FREERTOS//gap_sdk/rtos/pmsis/pmsis_bsp/ota/ota_utility.o
LOAD /module/examples/ai/classification/BUILD/GAP8_V2/GCC_RISCV_FREERTOS//gap_sdk/rtos/pmsis/pmsis_bsp/ota/updater.o
LOAD /module/examples/ai/classification/BUILD/GAP8_V2/GCC_RISCV_FREERTOS//gap_sdk/rtos/pmsis/pmsis_bsp/bootloader/bootloader_utility.o
LOAD /module/examples/ai/classification/BUILD/GAP8_V2/GCC_RISCV_FREERTOS//gap_sdk/rtos/pmsis/pmsis_bsp/bsp/ai_deck.o
LOAD /module/examples/ai/classification/BUILD/GAP8_V2/GCC_RISCV_FREERTOS//gap_sdk/rtos/pmsis/pmsis_bsp/camera/camera.o
LOAD /module/examples/ai/classification/BUILD/GAP8_V2/GCC_RISCV_FREERTOS//gap_sdk/rtos/pmsis/pmsis_bsp/camera/himax/himax.o
LOAD /module/examples/ai/classification/BUILD/GAP8_V2/GCC_RISCV_FREERTOS//gap_sdk/rtos/pmsis/pmsis_bsp/flash/hyperflash/hyperflash.o
LOAD /module/examples/ai/classification/BUILD/GAP8_V2/GCC_RISCV_FREERTOS//gap_sdk/rtos/pmsis/pmsis_bsp/ram/hyperram/hyperram.o
LOAD /module/examples/ai/classification/BUILD/GAP8_V2/GCC_RISCV_FREERTOS//gap_sdk/rtos/pmsis/pmsis_bsp/ram/spiram/spiram.o
LOAD /module/examples/ai/classification/BUILD/GAP8_V2/GCC_RISCV_FREERTOS//gap_sdk/rtos/pmsis/pmsis_bsp/flash/spiflash/spiflash.o
LOAD /module/examples/ai/classification/BUILD/GAP8_V2/GCC_RISCV_FREERTOS//gap_sdk/rtos/pmsis/pmsis_bsp/ram/ram.o
LOAD /module/examples/ai/classification/BUILD/GAP8_V2/GCC_RISCV_FREERTOS//gap_sdk/rtos/pmsis/pmsis_bsp/ram/alloc_extern.o
LOAD /module/examples/ai/classification/BUILD/GAP8_V2/GCC_RISCV_FREERTOS//gap_sdk/rtos/freeRTOS/vendors/gwt/pmsis/rtos/pi_log.o
LOAD /module/examples/ai/classification/BUILD/GAP8_V2/GCC_RISCV_FREERTOS//gap_sdk/rtos/freeRTOS/vendors/gwt/pmsis/rtos/event_kernel/event_kernel.o
LOAD /module/examples/ai/classification/BUILD/GAP8_V2/GCC_RISCV_FREERTOS//gap_sdk/rtos/freeRTOS/vendors/gwt/pmsis/rtos/malloc/cl_l1_malloc.o
LOAD /module/examples/ai/classification/BUILD/GAP8_V2/GCC_RISCV_FREERTOS//gap_sdk/rtos/freeRTOS/vendors/gwt/pmsis/rtos/malloc/fc_l1_malloc.o
LOAD /module/examples/ai/classification/BUILD/GAP8_V2/GCC_RISCV_FREERTOS//gap_sdk/rtos/freeRTOS/vendors/gwt/pmsis/rtos/malloc/l2_malloc.o
LOAD /module/examples/ai/classification/BUILD/GAP8_V2/GCC_RISCV_FREERTOS//gap_sdk/rtos/freeRTOS/vendors/gwt/pmsis/rtos/malloc/malloc_external.o
LOAD /module/examples/ai/classification/BUILD/GAP8_V2/GCC_RISCV_FREERTOS//gap_sdk/rtos/freeRTOS/vendors/gwt/pmsis/rtos/malloc/malloc_internal.o
LOAD /module/examples/ai/classification/BUILD/GAP8_V2/GCC_RISCV_FREERTOS//gap_sdk/rtos/freeRTOS/vendors/gwt/pmsis/rtos/malloc/pi_malloc.o
LOAD /module/examples/ai/classification/BUILD/GAP8_V2/GCC_RISCV_FREERTOS//gap_sdk/rtos/freeRTOS/vendors/gwt/pmsis/rtos/mem_slab/mem_slab.o
LOAD /module/examples/ai/classification/BUILD/GAP8_V2/GCC_RISCV_FREERTOS//gap_sdk/rtos/freeRTOS/vendors/gwt/pmsis/rtos/os/device.o
LOAD /module/examples/ai/classification/BUILD/GAP8_V2/GCC_RISCV_FREERTOS//gap_sdk/rtos/freeRTOS/vendors/gwt/pmsis/rtos/os/pmsis_task.o
LOAD /module/examples/ai/classification/BUILD/GAP8_V2/GCC_RISCV_FREERTOS//gap_sdk/rtos/freeRTOS/vendors/gwt/pmsis/backend/pmsis_backend_native_task_api.o
LOAD /module/examples/ai/classification/BUILD/GAP8_V2/GCC_RISCV_FREERTOS//gap_sdk/rtos/freeRTOS/freertos_kernel/portable/GCC/RI5CY-GAP8/port.o
LOAD /module/examples/ai/classification/BUILD/GAP8_V2/GCC_RISCV_FREERTOS//gap_sdk/rtos/freeRTOS/vendors/gwt/libs/printf/printf.o
LOAD /module/examples/ai/classification/BUILD/GAP8_V2/GCC_RISCV_FREERTOS//gap_sdk/rtos/freeRTOS/freertos_kernel/list.o
LOAD /module/examples/ai/classification/BUILD/GAP8_V2/GCC_RISCV_FREERTOS//gap_sdk/rtos/freeRTOS/freertos_kernel/queue.o
LOAD /module/examples/ai/classification/BUILD/GAP8_V2/GCC_RISCV_FREERTOS//gap_sdk/rtos/freeRTOS/freertos_kernel/tasks.o
LOAD /module/examples/ai/classification/BUILD/GAP8_V2/GCC_RISCV_FREERTOS//gap_sdk/rtos/freeRTOS/freertos_kernel/timers.o
LOAD /module/examples/ai/classification/BUILD/GAP8_V2/GCC_RISCV_FREERTOS//gap_sdk/rtos/freeRTOS/freertos_kernel/event_groups.o
LOAD /module/examples/ai/classification/BUILD/GAP8_V2/GCC_RISCV_FREERTOS//gap_sdk/rtos/freeRTOS/freertos_kernel/stream_buffer.o
LOAD /module/examples/ai/classification/BUILD/GAP8_V2/GCC_RISCV_FREERTOS//gap_sdk/rtos/freeRTOS/demos/gwt/config/gap8/FreeRTOS_util.o
LOAD /usr/lib/gap_riscv_toolchain/bin/../lib/gcc/riscv32-unknown-elf/7.1.1/rv32imcxgap8/ilp32/libgcc.a
                0x0000000000000000                __DYNAMIC = 0x0
                0x0000000000001000                __STACK_FC_SIZE = 0x1000
                0x0000000000000400                __STACK_IRQ_SIZE = 0x400

.l1FcTiny       0x000000001b000000        0x0
                0x000000001b000000                . = ALIGN (0x4)
                0x000000001b000000                __l1FcShared_start = .
 *(.l1FcTiny)
 *(.l1FcTiny.*)
                0x000000001b000000                . = ALIGN (0x4)
                0x000000001b000000                __l1FcShared_end = .
                0x0000000000000000                __l1FcShared_size = (__l1FcShared_end - __l1FcShared_start)

.fcTcdmTiny     0x0000000000000004        0xc load address 0x000000001b000000
 *(.fcTcdmTiny)
 .fcTcdmTiny    0x0000000000000004        0xc /module/examples/ai/classification/BUILD/GAP8_V2/GCC_RISCV_FREERTOS//gap_sdk/rtos/freeRTOS/vendors/gwt/gap8/pmsis/drivers/udma/hyperbus/hyperbus_internal.o
                0x0000000000000004                __global_hyper_fifo_head
                0x0000000000000008                __global_hyper_fifo_tail
                0x000000000000000c                __global_hyper_driver_fifo
 *(.fcTcdmTiny.*)

.fcTcdm
 *(.fcTcdm)
 *(.fcTcdm.*)

.fcTcdm_g       0x000000001b00000c      0x58c
                0x000000001b000010                . = ALIGN (0x8)
 *fill*         0x000000001b00000c        0x4 
                0x000000001b000010                __fc_tcdm_g_start = .
 *(.fcTcdm_g)
 .fcTcdm_g      0x000000001b000010      0x244 /module/examples/ai/classification/BUILD/GAP8_V2/GCC_RISCV_FREERTOS//gap_sdk/rtos/freeRTOS/vendors/gwt/gap8/pmsis/cluster/drivers/cluster_synchronisation/cl_to_fc_delegate.o
                0x000000001b000010                delegate_task_mask
                0x000000001b000014                delegate_task
 .fcTcdm_g      0x000000001b000254       0xe4 /module/examples/ai/classification/BUILD/GAP8_V2/GCC_RISCV_FREERTOS//gap_sdk/rtos/freeRTOS/vendors/gwt/gap8/pmsis/drivers/fc_event/fc_event.o
 .fcTcdm_g      0x000000001b000338        0x4 /module/examples/ai/classification/BUILD/GAP8_V2/GCC_RISCV_FREERTOS//gap_sdk/rtos/freeRTOS/vendors/gwt/pmsis/rtos/event_kernel/event_kernel.o
                0x000000001b000338                default_sched
 .fcTcdm_g      0x000000001b00033c        0x8 /module/examples/ai/classification/BUILD/GAP8_V2/GCC_RISCV_FREERTOS//gap_sdk/rtos/freeRTOS/vendors/gwt/pmsis/backend/pmsis_backend_native_task_api.o
                0x000000001b00033c                delayed_task
 .fcTcdm_g      0x000000001b000344      0x254 /module/examples/ai/classification/BUILD/GAP8_V2/GCC_RISCV_FREERTOS//gap_sdk/rtos/freeRTOS/demos/gwt/config/gap8/FreeRTOS_util.o
 *(.fcTcdm_g.*)
                0x000000001b000598                . = ALIGN (0x8)
                0x000000001b000598                __fc_tcdm_g_end = .

.stack_irq      0x000000001b000598      0x400
                0x000000001b000598                . = ALIGN (0x4)
                0x000000001b000598                __stack_irq_end__ = .
                0x000000001b000998                . = (. + __STACK_IRQ_SIZE)
 *fill*         0x000000001b000598      0x400 
                0x000000001b000998                __stack_irq_start__ = .

.heapfcram      0x000000001b000998     0x1000
                0x000000001b000998                . = ALIGN (0x8)
 *(.heapfcram)
 *(.heapfcram.*)
                0x000000001b000998                . = ALIGN (0x8)
                0x000000001b000998                __heapfcram_start = .
                0x000000001b000998                __stack_fc_end__ = .
                0x000000001b001998                . = (. + __STACK_FC_SIZE)
 *fill*         0x000000001b000998     0x1000 
                0x000000001b001998                __stack_fc_start__ = .
                0x0000000000003668                __heapfcram_size = ((ORIGIN (FC_tcdm) + LENGTH (FC_tcdm)) - __heapfcram_start)

.vectors_irq    0x000000001c000000       0x94
                0x000000001c000000                . = ALIGN (0x100)
                0x000000001c000000                __irq_vector_base_m__ = .
 *(.vectors_irq)
 .vectors_irq   0x000000001c000000       0x94 /module/examples/ai/classification/BUILD/GAP8_V2/GCC_RISCV_FREERTOS//gap_sdk/rtos/freeRTOS/vendors/gwt/gap8/src/device/startup_gap8.o
                0x000000001c000090                __rt_debug_struct_ptr

.text           0x000000001c000094    0x1aef0
                0x000000001c000094                . = ALIGN (0x4)
                0x000000001c000094                _stext = .
 *(.text.reset)
 .text.reset    0x000000001c000094       0x7e /module/examples/ai/classification/BUILD/GAP8_V2/GCC_RISCV_FREERTOS//gap_sdk/rtos/freeRTOS/vendors/gwt/gap8/src/device/startup_gap8.o
                0x000000001c000094                reset_handler
 *(.text)
 .text          0x000000001c000112      0x290 /module/examples/ai/classification/BUILD/GAP8_V2/GCC_RISCV_FREERTOS//gap_sdk/rtos/freeRTOS/vendors/gwt/gap8/src/device/gap8_iet.o
                0x000000001c000112                default_handler
                0x000000001c000116                cluster_notify_fc_handler
                0x000000001c00014e                pendSV_handler
                0x000000001c0001be                systick_handler
                0x000000001c00023a                fc_event_handler
                0x000000001c000272                fc_hyper_handler
                0x000000001c000320                dma_irq_handler
                0x000000001c000348                ecall_handler
                0x000000001c00039a                ill_ins_handler
 .text          0x000000001c0003a2      0x126 /module/examples/ai/classification/BUILD/GAP8_V2/GCC_RISCV_FREERTOS//gap_sdk/rtos/freeRTOS/vendors/gwt/gap8/pmsis/cluster/drivers/cluster_synchronisation/cluster_core.o
                0x000000001c0003a2                cluster_exec_loop
                0x000000001c0004ba                cl_slave_stack_setup
 .text          0x000000001c0004c8       0xd8 /module/examples/ai/classification/BUILD/GAP8_V2/GCC_RISCV_FREERTOS//gap_sdk/rtos/freeRTOS/vendors/gwt/gap8/pmsis/util/asm_util.o
                0x000000001c0004c8                ASM_FUNC_SAVE_MINIMAL_CONTEXT
                0x000000001c00050c                ASM_FUNC_RESTORE_MINIMAL_CONTEXT
                0x000000001c000550                ASM_FUNC_SAVE_SAVE_CONTEXT
                0x000000001c00056a                ASM_FUNC_RESTORE_SAVE_CONTEXT
                0x000000001c000584                ASM_FUNC_SAVE_CSR_CONTEXT
                0x000000001c000592                ASM_FUNC_RESTORE_CSR_CONTEXT
 .text          0x000000001c0005a0       0x8e /module/examples/ai/classification/BUILD/GAP8_V2/GCC_RISCV_FREERTOS//gap_sdk/rtos/freeRTOS/freertos_kernel/portable/GCC/RI5CY-GAP8/port_asm.o
                0x000000001c0005a0                xPortStartScheduler
 .text          0x000000001c00062e       0x5c /module/examples/ai/classification/BUILD/GAP8_V2/GCC_RISCV_FREERTOS//gap_sdk/rtos/freeRTOS/vendors/gwt/gap8/pmsis/drivers/fc_event/fc_event.o
                0x000000001c00062e                fc_soc_event_handler
 .text          0x000000001c00068a       0xfa /module/examples/ai/classification/BUILD/GAP8_V2/GCC_RISCV_FREERTOS//gap_sdk/rtos/freeRTOS/vendors/gwt/gap8/pmsis/drivers/udma/hyperbus/hyperbus_internal.o
                0x000000001c00068a                hyper_handler
 .text          0x000000001c000784      0x5fe /usr/lib/gap_riscv_toolchain/bin/../lib/gcc/riscv32-unknown-elf/7.1.1/rv32imcxgap8/ilp32/libgcc.a(adddf3.o)
                0x000000001c000784                __adddf3
 .text          0x000000001c000d82      0x4d2 /usr/lib/gap_riscv_toolchain/bin/../lib/gcc/riscv32-unknown-elf/7.1.1/rv32imcxgap8/ilp32/libgcc.a(divdf3.o)
                0x000000001c000d82                __divdf3
 .text          0x000000001c001254       0x60 /usr/lib/gap_riscv_toolchain/bin/../lib/gcc/riscv32-unknown-elf/7.1.1/rv32imcxgap8/ilp32/libgcc.a(eqdf2.o)
                0x000000001c001254                __eqdf2
                0x000000001c001254                __nedf2
 .text          0x000000001c0012b4       0xae /usr/lib/gap_riscv_toolchain/bin/../lib/gcc/riscv32-unknown-elf/7.1.1/rv32imcxgap8/ilp32/libgcc.a(gedf2.o)
                0x000000001c0012b4                __gtdf2
                0x000000001c0012b4                __gedf2
 .text          0x000000001c001362       0xae /usr/lib/gap_riscv_toolchain/bin/../lib/gcc/riscv32-unknown-elf/7.1.1/rv32imcxgap8/ilp32/libgcc.a(ledf2.o)
                0x000000001c001362                __ltdf2
                0x000000001c001362                __ledf2
 .text          0x000000001c001410      0x43a /usr/lib/gap_riscv_toolchain/bin/../lib/gcc/riscv32-unknown-elf/7.1.1/rv32imcxgap8/ilp32/libgcc.a(muldf3.o)
                0x000000001c001410                __muldf3
 .text          0x000000001c00184a      0x612 /usr/lib/gap_riscv_toolchain/bin/../lib/gcc/riscv32-unknown-elf/7.1.1/rv32imcxgap8/ilp32/libgcc.a(subdf3.o)
                0x000000001c00184a                __subdf3
 .text          0x000000001c001e5c       0x5c /usr/lib/gap_riscv_toolchain/bin/../lib/gcc/riscv32-unknown-elf/7.1.1/rv32imcxgap8/ilp32/libgcc.a(fixdfsi.o)
                0x000000001c001e5c                __fixdfsi
 .text          0x000000001c001eb8       0x52 /usr/lib/gap_riscv_toolchain/bin/../lib/gcc/riscv32-unknown-elf/7.1.1/rv32imcxgap8/ilp32/libgcc.a(fixunsdfsi.o)
                0x000000001c001eb8                __fixunsdfsi
 .text          0x000000001c001f0a       0x58 /usr/lib/gap_riscv_toolchain/bin/../lib/gcc/riscv32-unknown-elf/7.1.1/rv32imcxgap8/ilp32/libgcc.a(floatsidf.o)
                0x000000001c001f0a                __floatsidf
 .text          0x000000001c001f62       0x4c /usr/lib/gap_riscv_toolchain/bin/../lib/gcc/riscv32-unknown-elf/7.1.1/rv32imcxgap8/ilp32/libgcc.a(floatunsidf.o)
                0x000000001c001f62                __floatunsidf
 *(.text.*)
 .text.hb_task  0x000000001c001fae       0x4a /module/examples/ai/classification/BUILD/GAP8_V2/GCC_RISCV_FREERTOS/classification.o
                0x000000001c001fae                hb_task
 .text.cam_handler
                0x000000001c001ff8       0x18 /module/examples/ai/classification/BUILD/GAP8_V2/GCC_RISCV_FREERTOS/classification.o
 .text.RunNetwork
                0x000000001c002010       0x1e /module/examples/ai/classification/BUILD/GAP8_V2/GCC_RISCV_FREERTOS/classification.o
 .text.classification
                0x000000001c00202e      0x2c0 /module/examples/ai/classification/BUILD/GAP8_V2/GCC_RISCV_FREERTOS/classification.o
                0x000000001c00202e                classification
 .text.main     0x000000001c0022ee       0x34 /module/examples/ai/classification/BUILD/GAP8_V2/GCC_RISCV_FREERTOS/classification.o
                0x000000001c0022ee                main
 .text.__pi_cl_dma_wait
                0x000000001c002322       0x6c /module/examples/ai/classification/BUILD/GAP8_V2/GCC_RISCV_FREERTOS/BUILD_MODEL_SQ8BIT/classificationKernels.o
 .text.__pi_cl_dma_1d_copy
                0x000000001c00238e       0xda /module/examples/ai/classification/BUILD/GAP8_V2/GCC_RISCV_FREERTOS/BUILD_MODEL_SQ8BIT/classificationKernels.o
 .text.S3_Conv2d_1x1x5x5_MaxPool_2x2
                0x000000001c002468      0x5dc /module/examples/ai/classification/BUILD/GAP8_V2/GCC_RISCV_FREERTOS/BUILD_MODEL_SQ8BIT/classificationKernels.o
                0x000000001c002468                S3_Conv2d_1x1x5x5_MaxPool_2x2
 .text.S6_Conv2d_1x1x5x5_MaxPool_2x2
                0x000000001c002a44      0x5e8 /module/examples/ai/classification/BUILD/GAP8_V2/GCC_RISCV_FREERTOS/BUILD_MODEL_SQ8BIT/classificationKernels.o
                0x000000001c002a44                S6_Conv2d_1x1x5x5_MaxPool_2x2
 .text.S7_Op_CONCATENATION_0_10_qin1
                0x000000001c00302c      0x262 /module/examples/ai/classification/BUILD/GAP8_V2/GCC_RISCV_FREERTOS/BUILD_MODEL_SQ8BIT/classificationKernels.o
                0x000000001c00302c                S7_Op_CONCATENATION_0_10_qin1
 .text.S11_Conv2d_1x1x5x5_MaxPool_2x2
                0x000000001c00328e      0x5e8 /module/examples/ai/classification/BUILD/GAP8_V2/GCC_RISCV_FREERTOS/BUILD_MODEL_SQ8BIT/classificationKernels.o
                0x000000001c00328e                S11_Conv2d_1x1x5x5_MaxPool_2x2
 .text.S14_Conv2d_2x1x4x4_MaxPool_2x2
                0x000000001c003876      0x5d8 /module/examples/ai/classification/BUILD/GAP8_V2/GCC_RISCV_FREERTOS/BUILD_MODEL_SQ8BIT/classificationKernels.o
                0x000000001c003876                S14_Conv2d_2x1x4x4_MaxPool_2x2
 .text.S15_Op_CONCATENATION_0_32_qin2
                0x000000001c003e4e      0x26e /module/examples/ai/classification/BUILD/GAP8_V2/GCC_RISCV_FREERTOS/BUILD_MODEL_SQ8BIT/classificationKernels.o
                0x000000001c003e4e                S15_Op_CONCATENATION_0_32_qin2
 .text.S16_Op_CONCATENATION_0_38_qin2
                0x000000001c0040bc      0x26e /module/examples/ai/classification/BUILD/GAP8_V2/GCC_RISCV_FREERTOS/BUILD_MODEL_SQ8BIT/classificationKernels.o
                0x000000001c0040bc                S16_Op_CONCATENATION_0_38_qin2
 .text.S19_Conv2d_1x1x4x4_MaxPool_2x2
                0x000000001c00432a      0x540 /module/examples/ai/classification/BUILD/GAP8_V2/GCC_RISCV_FREERTOS/BUILD_MODEL_SQ8BIT/classificationKernels.o
                0x000000001c00432a                S19_Conv2d_1x1x4x4_MaxPool_2x2
 .text.S20_Op_CONCATENATION_0_26_qin2
                0x000000001c00486a      0x26e /module/examples/ai/classification/BUILD/GAP8_V2/GCC_RISCV_FREERTOS/BUILD_MODEL_SQ8BIT/classificationKernels.o
                0x000000001c00486a                S20_Op_CONCATENATION_0_26_qin2
 .text.S21_Op_CONCATENATION_0_32_qin4
                0x000000001c004ad8      0x26e /module/examples/ai/classification/BUILD/GAP8_V2/GCC_RISCV_FREERTOS/BUILD_MODEL_SQ8BIT/classificationKernels.o
                0x000000001c004ad8                S21_Op_CONCATENATION_0_32_qin4
 .text.S22_Op_CONCATENATION_0_38_qin4
                0x000000001c004d46      0x26e /module/examples/ai/classification/BUILD/GAP8_V2/GCC_RISCV_FREERTOS/BUILD_MODEL_SQ8BIT/classificationKernels.o
                0x000000001c004d46                S22_Op_CONCATENATION_0_38_qin4
 .text.S25_Conv2d_1x1x4x4_MaxPool_2x2
                0x000000001c004fb4      0x540 /module/examples/ai/classification/BUILD/GAP8_V2/GCC_RISCV_FREERTOS/BUILD_MODEL_SQ8BIT/classificationKernels.o
                0x000000001c004fb4                S25_Conv2d_1x1x4x4_MaxPool_2x2
 .text.S26_Op_CONCATENATION_0_22_qin1
                0x000000001c0054f4      0x26e /module/examples/ai/classification/BUILD/GAP8_V2/GCC_RISCV_FREERTOS/BUILD_MODEL_SQ8BIT/classificationKernels.o
                0x000000001c0054f4                S26_Op_CONCATENATION_0_22_qin1
 .text.S27_Op_CONCATENATION_0_32_qin1
                0x000000001c005762      0x26e /module/examples/ai/classification/BUILD/GAP8_V2/GCC_RISCV_FREERTOS/BUILD_MODEL_SQ8BIT/classificationKernels.o
                0x000000001c005762                S27_Op_CONCATENATION_0_32_qin1
 .text.S28_Op_CONCATENATION_0_38_qin1
                0x000000001c0059d0      0x26e /module/examples/ai/classification/BUILD/GAP8_V2/GCC_RISCV_FREERTOS/BUILD_MODEL_SQ8BIT/classificationKernels.o
                0x000000001c0059d0                S28_Op_CONCATENATION_0_38_qin1
 .text.S31_Conv2d_3x1x4x4_MaxPool_2x2
                0x000000001c005c3e      0x5d0 /module/examples/ai/classification/BUILD/GAP8_V2/GCC_RISCV_FREERTOS/BUILD_MODEL_SQ8BIT/classificationKernels.o
                0x000000001c005c3e                S31_Conv2d_3x1x4x4_MaxPool_2x2
 .text.S33_Op_CONCATENATION_0_32_copy_0
                0x000000001c00620e      0x1a8 /module/examples/ai/classification/BUILD/GAP8_V2/GCC_RISCV_FREERTOS/BUILD_MODEL_SQ8BIT/classificationKernels.o
                0x000000001c00620e                S33_Op_CONCATENATION_0_32_copy_0
 .text.S34_Op_CONCATENATION_0_38_copy_0
                0x000000001c0063b6      0x1a8 /module/examples/ai/classification/BUILD/GAP8_V2/GCC_RISCV_FREERTOS/BUILD_MODEL_SQ8BIT/classificationKernels.o
                0x000000001c0063b6                S34_Op_CONCATENATION_0_38_copy_0
 .text.S37_Conv2d_1x2x4x4_MaxPool_2x2
                0x000000001c00655e      0x5ea /module/examples/ai/classification/BUILD/GAP8_V2/GCC_RISCV_FREERTOS/BUILD_MODEL_SQ8BIT/classificationKernels.o
                0x000000001c00655e                S37_Conv2d_1x2x4x4_MaxPool_2x2
 .text.S38_Op_CONCATENATION_0_26_qin1
                0x000000001c006b48      0x26e /module/examples/ai/classification/BUILD/GAP8_V2/GCC_RISCV_FREERTOS/BUILD_MODEL_SQ8BIT/classificationKernels.o
                0x000000001c006b48                S38_Op_CONCATENATION_0_26_qin1
 .text.S40_Op_CONCATENATION_0_32_qin3
                0x000000001c006db6      0x26e /module/examples/ai/classification/BUILD/GAP8_V2/GCC_RISCV_FREERTOS/BUILD_MODEL_SQ8BIT/classificationKernels.o
                0x000000001c006db6                S40_Op_CONCATENATION_0_32_qin3
 .text.S42_Op_CONCATENATION_0_38_qin3
                0x000000001c007024      0x26e /module/examples/ai/classification/BUILD/GAP8_V2/GCC_RISCV_FREERTOS/BUILD_MODEL_SQ8BIT/classificationKernels.o
                0x000000001c007024                S42_Op_CONCATENATION_0_38_qin3
 .text.S46_Conv2d_1x4x5x5_MaxPool_2x2
                0x000000001c007292      0x6e8 /module/examples/ai/classification/BUILD/GAP8_V2/GCC_RISCV_FREERTOS/BUILD_MODEL_SQ8BIT/classificationKernels.o
                0x000000001c007292                S46_Conv2d_1x4x5x5_MaxPool_2x2
 .text.S47_Op_CONCATENATION_0_52_copy_1
                0x000000001c00797a      0x1a2 /module/examples/ai/classification/BUILD/GAP8_V2/GCC_RISCV_FREERTOS/BUILD_MODEL_SQ8BIT/classificationKernels.o
                0x000000001c00797a                S47_Op_CONCATENATION_0_52_copy_1
 .text.S50_Conv2d_1x4x5x5_MaxPool_2x2
                0x000000001c007b1c      0x6e8 /module/examples/ai/classification/BUILD/GAP8_V2/GCC_RISCV_FREERTOS/BUILD_MODEL_SQ8BIT/classificationKernels.o
                0x000000001c007b1c                S50_Conv2d_1x4x5x5_MaxPool_2x2
 .text.S51_Op_CONCATENATION_0_49_qin0
                0x000000001c008204      0x264 /module/examples/ai/classification/BUILD/GAP8_V2/GCC_RISCV_FREERTOS/BUILD_MODEL_SQ8BIT/classificationKernels.o
                0x000000001c008204                S51_Op_CONCATENATION_0_49_qin0
 .text.S53_Op_CONCATENATION_0_52_qin0
                0x000000001c008468      0x264 /module/examples/ai/classification/BUILD/GAP8_V2/GCC_RISCV_FREERTOS/BUILD_MODEL_SQ8BIT/classificationKernels.o
                0x000000001c008468                S53_Op_CONCATENATION_0_52_qin0
 .text.S57_Conv2d_1x8x3x3_MaxPool_2x2
                0x000000001c0086cc      0x5dc /module/examples/ai/classification/BUILD/GAP8_V2/GCC_RISCV_FREERTOS/BUILD_MODEL_SQ8BIT/classificationKernels.o
                0x000000001c0086cc                S57_Conv2d_1x8x3x3_MaxPool_2x2
 .text.S58_Op_CONCATENATION_0_58_copy_1
                0x000000001c008ca8      0x1a2 /module/examples/ai/classification/BUILD/GAP8_V2/GCC_RISCV_FREERTOS/BUILD_MODEL_SQ8BIT/classificationKernels.o
                0x000000001c008ca8                S58_Op_CONCATENATION_0_58_copy_1
 .text.S61_Conv2d_1x8x3x3_MaxPool_2x2
                0x000000001c008e4a      0x5dc /module/examples/ai/classification/BUILD/GAP8_V2/GCC_RISCV_FREERTOS/BUILD_MODEL_SQ8BIT/classificationKernels.o
                0x000000001c008e4a                S61_Conv2d_1x8x3x3_MaxPool_2x2
 .text.S62_Op_CONCATENATION_0_55_qin0
                0x000000001c009426      0x264 /module/examples/ai/classification/BUILD/GAP8_V2/GCC_RISCV_FREERTOS/BUILD_MODEL_SQ8BIT/classificationKernels.o
                0x000000001c009426                S62_Op_CONCATENATION_0_55_qin0
 .text.S64_Op_CONCATENATION_0_58_qin0
                0x000000001c00968a      0x264 /module/examples/ai/classification/BUILD/GAP8_V2/GCC_RISCV_FREERTOS/BUILD_MODEL_SQ8BIT/classificationKernels.o
                0x000000001c00968a                S64_Op_CONCATENATION_0_58_qin0
 .text.S68_Conv2d_1x2x3x3_MaxPool_2x2
                0x000000001c0098ee      0x6d6 /module/examples/ai/classification/BUILD/GAP8_V2/GCC_RISCV_FREERTOS/BUILD_MODEL_SQ8BIT/classificationKernels.o
                0x000000001c0098ee                S68_Conv2d_1x2x3x3_MaxPool_2x2
 .text.S71_Conv2d_1x2x3x3_MaxPool_2x2
                0x000000001c009fc4      0x6d6 /module/examples/ai/classification/BUILD/GAP8_V2/GCC_RISCV_FREERTOS/BUILD_MODEL_SQ8BIT/classificationKernels.o
                0x000000001c009fc4                S71_Conv2d_1x2x3x3_MaxPool_2x2
 .text.S74_Conv2d_1x2x3x3_MaxPool_2x2
                0x000000001c00a69a      0x6d6 /module/examples/ai/classification/BUILD/GAP8_V2/GCC_RISCV_FREERTOS/BUILD_MODEL_SQ8BIT/classificationKernels.o
                0x000000001c00a69a                S74_Conv2d_1x2x3x3_MaxPool_2x2
 .text.S77_Conv2d_1x2x3x3_MaxPool_2x2
                0x000000001c00ad70      0x6d6 /module/examples/ai/classification/BUILD/GAP8_V2/GCC_RISCV_FREERTOS/BUILD_MODEL_SQ8BIT/classificationKernels.o
                0x000000001c00ad70                S77_Conv2d_1x2x3x3_MaxPool_2x2
 .text.S81_Op_FULLY_CONNECTED_0_72_fusion
                0x000000001c00b446      0x6fc /module/examples/ai/classification/BUILD/GAP8_V2/GCC_RISCV_FREERTOS/BUILD_MODEL_SQ8BIT/classificationKernels.o
                0x000000001c00b446                S81_Op_FULLY_CONNECTED_0_72_fusion
 .text.S84_Op_FULLY_CONNECTED_0_73_fusion
                0x000000001c00bb42      0x44c /module/examples/ai/classification/BUILD/GAP8_V2/GCC_RISCV_FREERTOS/BUILD_MODEL_SQ8BIT/classificationKernels.o
                0x000000001c00bb42                S84_Op_FULLY_CONNECTED_0_73_fusion
 .text.S87_Linear_3x256
                0x000000001c00bf8e      0x532 /module/examples/ai/classification/BUILD/GAP8_V2/GCC_RISCV_FREERTOS/BUILD_MODEL_SQ8BIT/classificationKernels.o
                0x000000001c00bf8e                S87_Linear_3x256
 .text.S88_SoftMax
                0x000000001c00c4c0      0x262 /module/examples/ai/classification/BUILD/GAP8_V2/GCC_RISCV_FREERTOS/BUILD_MODEL_SQ8BIT/classificationKernels.o
                0x000000001c00c4c0                S88_SoftMax
 .text.classificationCNN_Construct
                0x000000001c00c722     0x1992 /module/examples/ai/classification/BUILD/GAP8_V2/GCC_RISCV_FREERTOS/BUILD_MODEL_SQ8BIT/classificationKernels.o
                0x000000001c00c722                classificationCNN_Construct
 .text.classificationCNN
                0x000000001c00e0b4      0x556 /module/examples/ai/classification/BUILD/GAP8_V2/GCC_RISCV_FREERTOS/BUILD_MODEL_SQ8BIT/classificationKernels.o
                0x000000001c00e0b4                classificationCNN
 .text.CNN_Copy_void
                0x000000001c00e60a       0xb6 /module/examples/ai/classification/BUILD/GAP8_V2/GCC_RISCV_FREERTOS//gap_sdk/tools/autotiler_v3/CNN_Libraries/CNN_Copy.o
                0x000000001c00e60a                CNN_Copy_void
 .text.CNN_FpsFpsScaled
                0x000000001c00e6c0       0xf6 /module/examples/ai/classification/BUILD/GAP8_V2/GCC_RISCV_FREERTOS//gap_sdk/tools/autotiler_v3/CNN_Libraries/CNN_Copy.o
                0x000000001c00e6c0                CNN_FpsFpsScaled
 .text.KerReductIO_Compact_SQ8_1
                0x000000001c00e7b6      0x12e /module/examples/ai/classification/BUILD/GAP8_V2/GCC_RISCV_FREERTOS//gap_sdk/tools/autotiler_v3/CNN_Libraries_SQ8/CNN_Activation_SQ8.o
 .text.SigmoidTable
                0x000000001c00e8e4       0x34 /module/examples/ai/classification/BUILD/GAP8_V2/GCC_RISCV_FREERTOS//gap_sdk/tools/autotiler_v3/CNN_Libraries_SQ8/CNN_Activation_SQ8.o
                0x000000001c00e8e4                SigmoidTable
 .text.KerParReductIO_CC_SQ8
                0x000000001c00e918       0xb0 /module/examples/ai/classification/BUILD/GAP8_V2/GCC_RISCV_FREERTOS//gap_sdk/tools/autotiler_v3/CNN_Libraries_SQ8/CNN_Activation_SQ8.o
                0x000000001c00e918                KerParReductIO_CC_SQ8
 .text.KerParSetBiasB32_SQ8
                0x000000001c00e9c8       0xb4 /module/examples/ai/classification/BUILD/GAP8_V2/GCC_RISCV_FREERTOS//gap_sdk/tools/autotiler_v3/CNN_Libraries_SQ8/CNN_Bias_Linear_SQ8.o
                0x000000001c00e9c8                KerParSetBiasB32_SQ8
 .text.KerParLinearLayerFullFeatB32_SQ8
                0x000000001c00ea7c      0x16e /module/examples/ai/classification/BUILD/GAP8_V2/GCC_RISCV_FREERTOS//gap_sdk/tools/autotiler_v3/CNN_Libraries_SQ8/CNN_Bias_Linear_SQ8.o
                0x000000001c00ea7c                KerParLinearLayerFullFeatB32_SQ8
 .text.KerParLinearLayerFullFeatB32_ReLU_SQ8
                0x000000001c00ebea      0x172 /module/examples/ai/classification/BUILD/GAP8_V2/GCC_RISCV_FREERTOS//gap_sdk/tools/autotiler_v3/CNN_Libraries_SQ8/CNN_Bias_Linear_SQ8.o
                0x000000001c00ebea                KerParLinearLayerFullFeatB32_ReLU_SQ8
 .text.LastDefinedOutput
                0x000000001c00ed5c       0x26 /module/examples/ai/classification/BUILD/GAP8_V2/GCC_RISCV_FREERTOS//gap_sdk/tools/autotiler_v3/CNN_Libraries_SQ8/CNN_Conv_SQ8.o
 .text.KerConvNxNStrideS_Body_SQ8
                0x000000001c00ed82      0x100 /module/examples/ai/classification/BUILD/GAP8_V2/GCC_RISCV_FREERTOS//gap_sdk/tools/autotiler_v3/CNN_Libraries_SQ8/CNN_Conv_SQ8.o
 .text.KerConv3x3Stride1_Body_2Out_SQ8
                0x000000001c00ee82      0x120 /module/examples/ai/classification/BUILD/GAP8_V2/GCC_RISCV_FREERTOS//gap_sdk/tools/autotiler_v3/CNN_Libraries_SQ8/CNN_Conv_SQ8.o
 .text.KerConv2x3from3x3Stride1_V_2Out_SQ8
                0x000000001c00efa2      0x138 /module/examples/ai/classification/BUILD/GAP8_V2/GCC_RISCV_FREERTOS//gap_sdk/tools/autotiler_v3/CNN_Libraries_SQ8/CNN_Conv_SQ8.o
 .text.KerConv3x2from3x3Stride1_H_2Out_SQ8
                0x000000001c00f0da       0x9a /module/examples/ai/classification/BUILD/GAP8_V2/GCC_RISCV_FREERTOS//gap_sdk/tools/autotiler_v3/CNN_Libraries_SQ8/CNN_Conv_SQ8.o
 .text.KerConv3x3BorderStride1_2Out_SQ8
                0x000000001c00f174      0x106 /module/examples/ai/classification/BUILD/GAP8_V2/GCC_RISCV_FREERTOS//gap_sdk/tools/autotiler_v3/CNN_Libraries_SQ8/CNN_Conv_SQ8.o
 .text.KerConv3x3Stride1_Body_SQ8
                0x000000001c00f27a       0xcc /module/examples/ai/classification/BUILD/GAP8_V2/GCC_RISCV_FREERTOS//gap_sdk/tools/autotiler_v3/CNN_Libraries_SQ8/CNN_Conv_SQ8.o
 .text.KerConv2x3from3x3Stride1_V_SQ8
                0x000000001c00f346       0xc8 /module/examples/ai/classification/BUILD/GAP8_V2/GCC_RISCV_FREERTOS//gap_sdk/tools/autotiler_v3/CNN_Libraries_SQ8/CNN_Conv_SQ8.o
 .text.KerConv3x2from3x3Stride1_H_SQ8
                0x000000001c00f40e       0x56 /module/examples/ai/classification/BUILD/GAP8_V2/GCC_RISCV_FREERTOS//gap_sdk/tools/autotiler_v3/CNN_Libraries_SQ8/CNN_Conv_SQ8.o
 .text.KerConv3x3BorderStride1_SQ8
                0x000000001c00f464       0xf8 /module/examples/ai/classification/BUILD/GAP8_V2/GCC_RISCV_FREERTOS//gap_sdk/tools/autotiler_v3/CNN_Libraries_SQ8/CNN_Conv_SQ8.o
 .text.KerConv5x5Stride1_Body_SQ8
                0x000000001c00f55c      0x1b0 /module/examples/ai/classification/BUILD/GAP8_V2/GCC_RISCV_FREERTOS//gap_sdk/tools/autotiler_v3/CNN_Libraries_SQ8/CNN_Conv_SQ8.o
 .text.KerConv4x5from5x5Stride1_V_SQ8
                0x000000001c00f70c      0x1dc /module/examples/ai/classification/BUILD/GAP8_V2/GCC_RISCV_FREERTOS//gap_sdk/tools/autotiler_v3/CNN_Libraries_SQ8/CNN_Conv_SQ8.o
 .text.KerConv5x4from5x5Stride1_H_SQ8
                0x000000001c00f8e8      0x1be /module/examples/ai/classification/BUILD/GAP8_V2/GCC_RISCV_FREERTOS//gap_sdk/tools/autotiler_v3/CNN_Libraries_SQ8/CNN_Conv_SQ8.o
 .text.KerConv5x5BorderStride1_SQ8
                0x000000001c00faa6      0x286 /module/examples/ai/classification/BUILD/GAP8_V2/GCC_RISCV_FREERTOS//gap_sdk/tools/autotiler_v3/CNN_Libraries_SQ8/CNN_Conv_SQ8.o
 .text.KerConvNxNStrideS_Border_SQ8
                0x000000001c00fd2c      0x848 /module/examples/ai/classification/BUILD/GAP8_V2/GCC_RISCV_FREERTOS//gap_sdk/tools/autotiler_v3/CNN_Libraries_SQ8/CNN_Conv_SQ8.o
 .text.KerParConv3x3Stride1_SQ8
                0x000000001c010574      0x244 /module/examples/ai/classification/BUILD/GAP8_V2/GCC_RISCV_FREERTOS//gap_sdk/tools/autotiler_v3/CNN_Libraries_SQ8/CNN_Conv_SQ8.o
                0x000000001c010574                KerParConv3x3Stride1_SQ8
 .text.KerParConv5x5Stride1_SQ8
                0x000000001c0107b8      0x194 /module/examples/ai/classification/BUILD/GAP8_V2/GCC_RISCV_FREERTOS//gap_sdk/tools/autotiler_v3/CNN_Libraries_SQ8/CNN_Conv_SQ8.o
                0x000000001c0107b8                KerParConv5x5Stride1_SQ8
 .text.KerParConvNxNStrideS_SQ8
                0x000000001c01094c      0x1d2 /module/examples/ai/classification/BUILD/GAP8_V2/GCC_RISCV_FREERTOS//gap_sdk/tools/autotiler_v3/CNN_Libraries_SQ8/CNN_Conv_SQ8.o
                0x000000001c01094c                KerParConvNxNStrideS_SQ8
 .text.LastDefinedOutput
                0x000000001c010b1e       0x26 /module/examples/ai/classification/BUILD/GAP8_V2/GCC_RISCV_FREERTOS//gap_sdk/tools/autotiler_v3/CNN_Libraries_SQ8/CNN_Pooling_SQ8.o
 .text.KerMaxPool2x2Stride2_SQ8
                0x000000001c010b44      0x3c8 /module/examples/ai/classification/BUILD/GAP8_V2/GCC_RISCV_FREERTOS//gap_sdk/tools/autotiler_v3/CNN_Libraries_SQ8/CNN_Pooling_SQ8.o
 .text.KerAvgPool2x2Stride2_SQ8
                0x000000001c010f0c      0x28e /module/examples/ai/classification/BUILD/GAP8_V2/GCC_RISCV_FREERTOS//gap_sdk/tools/autotiler_v3/CNN_Libraries_SQ8/CNN_Pooling_SQ8.o
 .text.Ker_ActivationScale1_SQ8
                0x000000001c01119a       0xc2 /module/examples/ai/classification/BUILD/GAP8_V2/GCC_RISCV_FREERTOS//gap_sdk/tools/autotiler_v3/CNN_Libraries_SQ8/CNN_Pooling_SQ8.o
 .text.Ker_Activation_SQ8
                0x000000001c01125c      0x330 /module/examples/ai/classification/BUILD/GAP8_V2/GCC_RISCV_FREERTOS//gap_sdk/tools/autotiler_v3/CNN_Libraries_SQ8/CNN_Pooling_SQ8.o
 .text.KerParPoolActivation
                0x000000001c01158c      0x1e0 /module/examples/ai/classification/BUILD/GAP8_V2/GCC_RISCV_FREERTOS//gap_sdk/tools/autotiler_v3/CNN_Libraries_SQ8/CNN_Pooling_SQ8.o
 .text.KerParPool2x2Stride2_SQ8
                0x000000001c01176c      0x1a6 /module/examples/ai/classification/BUILD/GAP8_V2/GCC_RISCV_FREERTOS//gap_sdk/tools/autotiler_v3/CNN_Libraries_SQ8/CNN_Pooling_SQ8.o
                0x000000001c01176c                KerParPool2x2Stride2_SQ8
 .text.Exp_fp_17_15
                0x000000001c011912       0xaa /module/examples/ai/classification/BUILD/GAP8_V2/GCC_RISCV_FREERTOS//gap_sdk/tools/autotiler_v3/CNN_Libraries_SQ8/CNN_SoftMax_SQ8.o
 .text.KerParSoftMax_SQ8
                0x000000001c0119bc      0x1fe /module/examples/ai/classification/BUILD/GAP8_V2/GCC_RISCV_FREERTOS//gap_sdk/tools/autotiler_v3/CNN_Libraries_SQ8/CNN_SoftMax_SQ8.o
                0x000000001c0119bc                KerParSoftMax_SQ8
 .text._procid  0x000000001c011bba        0xa /module/examples/ai/classification/BUILD/GAP8_V2/GCC_RISCV_FREERTOS//gap_sdk/rtos/freeRTOS/vendors/gwt/gap8/src/device/gap8_it.o
                0x000000001c011bba                _procid
 .text._clusterid
                0x000000001c011bc4        0x8 /module/examples/ai/classification/BUILD/GAP8_V2/GCC_RISCV_FREERTOS//gap_sdk/rtos/freeRTOS/vendors/gwt/gap8/src/device/gap8_it.o
                0x000000001c011bc4                _clusterid
 .text.pi_log_write
                0x000000001c011bcc       0x32 /module/examples/ai/classification/BUILD/GAP8_V2/GCC_RISCV_FREERTOS//gap_sdk/rtos/freeRTOS/vendors/gwt/gap8/src/device/gap8_it.o
 .text._isr_default
                0x000000001c011bfe       0x3a /module/examples/ai/classification/BUILD/GAP8_V2/GCC_RISCV_FREERTOS//gap_sdk/rtos/freeRTOS/vendors/gwt/gap8/src/device/gap8_it.o
                0x000000001c011bfe                _isr_default
 .text.vSetPendSV
                0x000000001c011c38        0xa /module/examples/ai/classification/BUILD/GAP8_V2/GCC_RISCV_FREERTOS//gap_sdk/rtos/freeRTOS/vendors/gwt/gap8/src/device/gap8_it.o
                0x000000001c011c38                vSetPendSV
 .text._ill_insn_print
                0x000000001c011c42       0x38 /module/examples/ai/classification/BUILD/GAP8_V2/GCC_RISCV_FREERTOS//gap_sdk/rtos/freeRTOS/vendors/gwt/gap8/src/device/gap8_it.o
                0x000000001c011c42                _ill_insn_print
 .text.system_init
                0x000000001c011c7a       0x60 /module/examples/ai/classification/BUILD/GAP8_V2/GCC_RISCV_FREERTOS//gap_sdk/rtos/freeRTOS/vendors/gwt/gap8/src/device/system_gap8.o
                0x000000001c011c7a                system_init
 .text.system_setup_systick
                0x000000001c011cda       0x38 /module/examples/ai/classification/BUILD/GAP8_V2/GCC_RISCV_FREERTOS//gap_sdk/rtos/freeRTOS/vendors/gwt/gap8/src/device/system_gap8.o
                0x000000001c011cda                system_setup_systick
 .text.system_core_clock_update
                0x000000001c011d12       0x36 /module/examples/ai/classification/BUILD/GAP8_V2/GCC_RISCV_FREERTOS//gap_sdk/rtos/freeRTOS/vendors/gwt/gap8/src/device/system_gap8.o
                0x000000001c011d12                system_core_clock_update
 .text.system_exit
                0x000000001c011d48       0x68 /module/examples/ai/classification/BUILD/GAP8_V2/GCC_RISCV_FREERTOS//gap_sdk/rtos/freeRTOS/vendors/gwt/gap8/src/device/system_gap8.o
                0x000000001c011d48                system_exit
 .text.__uart_write_exec
                0x000000001c011db0       0x4a /module/examples/ai/classification/BUILD/GAP8_V2/GCC_RISCV_FREERTOS//gap_sdk/rtos/freeRTOS/vendors/gwt/gap8/src/driver/gap_io.o
 .text.__uart_putc
                0x000000001c011dfa       0xe6 /module/examples/ai/classification/BUILD/GAP8_V2/GCC_RISCV_FREERTOS//gap_sdk/rtos/freeRTOS/vendors/gwt/gap8/src/driver/gap_io.o
 .text.__uart_putc_cluster_req
                0x000000001c011ee0       0x12 /module/examples/ai/classification/BUILD/GAP8_V2/GCC_RISCV_FREERTOS//gap_sdk/rtos/freeRTOS/vendors/gwt/gap8/src/driver/gap_io.o
 .text.printf_uart_init
                0x000000001c011ef2       0x5a /module/examples/ai/classification/BUILD/GAP8_V2/GCC_RISCV_FREERTOS//gap_sdk/rtos/freeRTOS/vendors/gwt/gap8/src/driver/gap_io.o
                0x000000001c011ef2                printf_uart_init
 .text._putchar
                0x000000001c011f4c       0x1a /module/examples/ai/classification/BUILD/GAP8_V2/GCC_RISCV_FREERTOS//gap_sdk/rtos/freeRTOS/vendors/gwt/gap8/src/driver/gap_io.o
                0x000000001c011f4c                _putchar
 .text.system_exit_printf_flush
                0x000000001c011f66       0x60 /module/examples/ai/classification/BUILD/GAP8_V2/GCC_RISCV_FREERTOS//gap_sdk/rtos/freeRTOS/vendors/gwt/gap8/src/driver/gap_io.o
                0x000000001c011f66                system_exit_printf_flush
 .text.exit     0x000000001c011fc6        0xa /module/examples/ai/classification/BUILD/GAP8_V2/GCC_RISCV_FREERTOS//gap_sdk/rtos/freeRTOS/vendors/gwt/libs/src/stdlib.o
                0x000000001c011fc6                exit
 .text.memcpy   0x000000001c011fd0       0x12 /module/examples/ai/classification/BUILD/GAP8_V2/GCC_RISCV_FREERTOS//gap_sdk/rtos/freeRTOS/vendors/gwt/libs/src/string.o
                0x000000001c011fd0                memcpy
 .text.memset   0x000000001c011fe2       0x10 /module/examples/ai/classification/BUILD/GAP8_V2/GCC_RISCV_FREERTOS//gap_sdk/rtos/freeRTOS/vendors/gwt/libs/src/string.o
                0x000000001c011fe2                memset
 .text.strcmp   0x000000001c011ff2       0x30 /module/examples/ai/classification/BUILD/GAP8_V2/GCC_RISCV_FREERTOS//gap_sdk/rtos/freeRTOS/vendors/gwt/libs/src/string.o
                0x000000001c011ff2                strcmp
 .text.strncmp  0x000000001c012022       0x46 /module/examples/ai/classification/BUILD/GAP8_V2/GCC_RISCV_FREERTOS//gap_sdk/rtos/freeRTOS/vendors/gwt/libs/src/string.o
                0x000000001c012022                strncmp
 .text.strlen   0x000000001c012068       0x1c /module/examples/ai/classification/BUILD/GAP8_V2/GCC_RISCV_FREERTOS//gap_sdk/rtos/freeRTOS/vendors/gwt/libs/src/string.o
                0x000000001c012068                strlen
 .text.cl_notify_fc_event_handler
                0x000000001c012084       0xaa /module/examples/ai/classification/BUILD/GAP8_V2/GCC_RISCV_FREERTOS//gap_sdk/rtos/freeRTOS/vendors/gwt/gap8/pmsis/cluster/drivers/cluster_synchronisation/cl_to_fc_delegate.o
                0x000000001c012084                cl_notify_fc_event_handler
 .text.pi_cl_send_task_to_fc
                0x000000001c01212e       0x42 /module/examples/ai/classification/BUILD/GAP8_V2/GCC_RISCV_FREERTOS//gap_sdk/rtos/freeRTOS/vendors/gwt/gap8/pmsis/cluster/drivers/cluster_synchronisation/cl_to_fc_delegate.o
                0x000000001c01212e                pi_cl_send_task_to_fc
 .text.mc_fc_delegate_init
                0x000000001c012170        0xc /module/examples/ai/classification/BUILD/GAP8_V2/GCC_RISCV_FREERTOS//gap_sdk/rtos/freeRTOS/vendors/gwt/gap8/pmsis/cluster/drivers/cluster_synchronisation/cl_to_fc_delegate.o
                0x000000001c012170                mc_fc_delegate_init
 .text.cl_wait_task
                0x000000001c01217c       0x28 /module/examples/ai/classification/BUILD/GAP8_V2/GCC_RISCV_FREERTOS//gap_sdk/rtos/freeRTOS/vendors/gwt/gap8/pmsis/cluster/drivers/cluster_synchronisation/cl_to_fc_delegate.o
                0x000000001c01217c                cl_wait_task
 .text.cl_notify_task_done_clear
                0x000000001c0121a4       0x2c /module/examples/ai/classification/BUILD/GAP8_V2/GCC_RISCV_FREERTOS//gap_sdk/rtos/freeRTOS/vendors/gwt/gap8/pmsis/cluster/drivers/cluster_synchronisation/cl_to_fc_delegate.o
                0x000000001c0121a4                cl_notify_task_done_clear
 .text.pi_cluster_close_async
                0x000000001c0121d0        0x4 /module/examples/ai/classification/BUILD/GAP8_V2/GCC_RISCV_FREERTOS//gap_sdk/rtos/freeRTOS/vendors/gwt/gap8/pmsis/cluster/drivers/cluster_synchronisation/fc_to_cl_delegate.o
                0x000000001c0121d0                pi_cluster_close_async
 .text.pi_cluster_ioctl
                0x000000001c0121d4       0x38 /module/examples/ai/classification/BUILD/GAP8_V2/GCC_RISCV_FREERTOS//gap_sdk/rtos/freeRTOS/vendors/gwt/gap8/pmsis/cluster/drivers/cluster_synchronisation/fc_to_cl_delegate.o
                0x000000001c0121d4                pi_cluster_ioctl
 .text.pi_cluster_ioctl_async
                0x000000001c01220c       0x48 /module/examples/ai/classification/BUILD/GAP8_V2/GCC_RISCV_FREERTOS//gap_sdk/rtos/freeRTOS/vendors/gwt/gap8/pmsis/cluster/drivers/cluster_synchronisation/fc_to_cl_delegate.o
                0x000000001c01220c                pi_cluster_ioctl_async
 .text.pi_cluster_open_async
                0x000000001c012254       0xba /module/examples/ai/classification/BUILD/GAP8_V2/GCC_RISCV_FREERTOS//gap_sdk/rtos/freeRTOS/vendors/gwt/gap8/pmsis/cluster/drivers/cluster_synchronisation/fc_to_cl_delegate.o
                0x000000001c012254                pi_cluster_open_async
 .text.__os_native_api_mutex_lock
                0x000000001c01230e       0x10 /module/examples/ai/classification/BUILD/GAP8_V2/GCC_RISCV_FREERTOS//gap_sdk/rtos/freeRTOS/vendors/gwt/gap8/pmsis/cluster/drivers/cluster_synchronisation/fc_to_cl_delegate.o
 .text.__os_native_api_mutex_release
                0x000000001c01231e       0x1e /module/examples/ai/classification/BUILD/GAP8_V2/GCC_RISCV_FREERTOS//gap_sdk/rtos/freeRTOS/vendors/gwt/gap8/pmsis/cluster/drivers/cluster_synchronisation/fc_to_cl_delegate.o
 .text.pi_cluster_close
                0x000000001c01233c       0x98 /module/examples/ai/classification/BUILD/GAP8_V2/GCC_RISCV_FREERTOS//gap_sdk/rtos/freeRTOS/vendors/gwt/gap8/pmsis/cluster/drivers/cluster_synchronisation/fc_to_cl_delegate.o
                0x000000001c01233c                pi_cluster_close
 .text.pi_cluster_open
                0x000000001c0123d4      0x298 /module/examples/ai/classification/BUILD/GAP8_V2/GCC_RISCV_FREERTOS//gap_sdk/rtos/freeRTOS/vendors/gwt/gap8/pmsis/cluster/drivers/cluster_synchronisation/fc_to_cl_delegate.o
                0x000000001c0123d4                pi_cluster_open
 .text.cl_task_finish
                0x000000001c01266c       0x74 /module/examples/ai/classification/BUILD/GAP8_V2/GCC_RISCV_FREERTOS//gap_sdk/rtos/freeRTOS/vendors/gwt/gap8/pmsis/cluster/drivers/cluster_synchronisation/fc_to_cl_delegate.o
                0x000000001c01266c                cl_task_finish
 .text.pi_cluster_send_task_to_cl
                0x000000001c0126e0       0xcc /module/examples/ai/classification/BUILD/GAP8_V2/GCC_RISCV_FREERTOS//gap_sdk/rtos/freeRTOS/vendors/gwt/gap8/pmsis/cluster/drivers/cluster_synchronisation/fc_to_cl_delegate.o
                0x000000001c0126e0                pi_cluster_send_task_to_cl
 .text.pi_cluster_conf_init
                0x000000001c0127ac        0xa /module/examples/ai/classification/BUILD/GAP8_V2/GCC_RISCV_FREERTOS//gap_sdk/rtos/freeRTOS/vendors/gwt/gap8/pmsis/cluster/drivers/cluster_synchronisation/fc_to_cl_delegate.o
                0x000000001c0127ac                pi_cluster_conf_init
 .text.pi_cl_dma_2d_handler
                0x000000001c0127b6       0x88 /module/examples/ai/classification/BUILD/GAP8_V2/GCC_RISCV_FREERTOS//gap_sdk/rtos/freeRTOS/vendors/gwt/gap8/pmsis/cluster/drivers/dma/cl_dma_irq.o
                0x000000001c0127b6                pi_cl_dma_2d_handler
 .text.fc_event_null_event
                0x000000001c01283e        0x2 /module/examples/ai/classification/BUILD/GAP8_V2/GCC_RISCV_FREERTOS//gap_sdk/rtos/freeRTOS/vendors/gwt/gap8/pmsis/drivers/fc_event/fc_event.o
 .text.pi_fc_event_handler_init
                0x000000001c012840       0x30 /module/examples/ai/classification/BUILD/GAP8_V2/GCC_RISCV_FREERTOS//gap_sdk/rtos/freeRTOS/vendors/gwt/gap8/pmsis/drivers/fc_event/fc_event.o
                0x000000001c012840                pi_fc_event_handler_init
 .text.pi_fc_event_handler_set
                0x000000001c012870       0x10 /module/examples/ai/classification/BUILD/GAP8_V2/GCC_RISCV_FREERTOS//gap_sdk/rtos/freeRTOS/vendors/gwt/gap8/pmsis/drivers/fc_event/fc_event.o
                0x000000001c012870                pi_fc_event_handler_set
 .text.pi_fc_event_handler_clear
                0x000000001c012880       0x18 /module/examples/ai/classification/BUILD/GAP8_V2/GCC_RISCV_FREERTOS//gap_sdk/rtos/freeRTOS/vendors/gwt/gap8/pmsis/drivers/fc_event/fc_event.o
                0x000000001c012880                pi_fc_event_handler_clear
 .text.pi_fll_frequency_get
                0x000000001c012898       0x44 /module/examples/ai/classification/BUILD/GAP8_V2/GCC_RISCV_FREERTOS//gap_sdk/rtos/freeRTOS/vendors/gwt/gap8/pmsis/drivers/fll/fll.o
                0x000000001c012898                pi_fll_frequency_get
 .text.pi_freq_callback_add
                0x000000001c0128dc       0x26 /module/examples/ai/classification/BUILD/GAP8_V2/GCC_RISCV_FREERTOS//gap_sdk/rtos/freeRTOS/vendors/gwt/gap8/pmsis/drivers/fll/fll.o
                0x000000001c0128dc                pi_freq_callback_add
 .text.pi_freq_callback_remove
                0x000000001c012902       0x56 /module/examples/ai/classification/BUILD/GAP8_V2/GCC_RISCV_FREERTOS//gap_sdk/rtos/freeRTOS/vendors/gwt/gap8/pmsis/drivers/fll/fll.o
                0x000000001c012902                pi_freq_callback_remove
 .text.pi_freq_callback_exec
                0x000000001c012958       0x22 /module/examples/ai/classification/BUILD/GAP8_V2/GCC_RISCV_FREERTOS//gap_sdk/rtos/freeRTOS/vendors/gwt/gap8/pmsis/drivers/fll/fll.o
                0x000000001c012958                pi_freq_callback_exec
 .text.pi_fll_frequency_set
                0x000000001c01297a       0x8c /module/examples/ai/classification/BUILD/GAP8_V2/GCC_RISCV_FREERTOS//gap_sdk/rtos/freeRTOS/vendors/gwt/gap8/pmsis/drivers/fll/fll.o
                0x000000001c01297a                pi_fll_frequency_set
 .text.pi_fll_init
                0x000000001c012a06       0x5a /module/examples/ai/classification/BUILD/GAP8_V2/GCC_RISCV_FREERTOS//gap_sdk/rtos/freeRTOS/vendors/gwt/gap8/pmsis/drivers/fll/fll.o
                0x000000001c012a06                pi_fll_init
 .text.pi_gpio_pin_configure
                0x000000001c012a60       0xda /module/examples/ai/classification/BUILD/GAP8_V2/GCC_RISCV_FREERTOS//gap_sdk/rtos/freeRTOS/vendors/gwt/gap8/pmsis/drivers/gpio/gpio.o
                0x000000001c012a60                pi_gpio_pin_configure
 .text.pi_gpio_pin_write
                0x000000001c012b3a       0x3c /module/examples/ai/classification/BUILD/GAP8_V2/GCC_RISCV_FREERTOS//gap_sdk/rtos/freeRTOS/vendors/gwt/gap8/pmsis/drivers/gpio/gpio.o
                0x000000001c012b3a                pi_gpio_pin_write
 .text.pi_pad_set_function
                0x000000001c012b76       0x34 /module/examples/ai/classification/BUILD/GAP8_V2/GCC_RISCV_FREERTOS//gap_sdk/rtos/freeRTOS/vendors/gwt/gap8/pmsis/drivers/pad/pad.o
                0x000000001c012b76                pi_pad_set_function
 .text.pi_pad_init
                0x000000001c012baa       0x26 /module/examples/ai/classification/BUILD/GAP8_V2/GCC_RISCV_FREERTOS//gap_sdk/rtos/freeRTOS/vendors/gwt/gap8/pmsis/drivers/pad/pad.o
                0x000000001c012baa                pi_pad_init
 .text.pi_pmu_voltage_set
                0x000000001c012bd0        0xc /module/examples/ai/classification/BUILD/GAP8_V2/GCC_RISCV_FREERTOS//gap_sdk/rtos/freeRTOS/vendors/gwt/gap8/pmsis/drivers/pmu/pmu.o
                0x000000001c012bd0                pi_pmu_voltage_set
 .text.__pi_pmu_handler
                0x000000001c012bdc       0x2c /module/examples/ai/classification/BUILD/GAP8_V2/GCC_RISCV_FREERTOS//gap_sdk/rtos/freeRTOS/vendors/gwt/gap8/pmsis/drivers/pmu/pmu_internal.o
 .text.__pi_pmu_task_fifo_enqueue
                0x000000001c012c08       0x34 /module/examples/ai/classification/BUILD/GAP8_V2/GCC_RISCV_FREERTOS//gap_sdk/rtos/freeRTOS/vendors/gwt/gap8/pmsis/drivers/pmu/pmu_internal.o
 .text.__pi_pmu_regulator_state_change
                0x000000001c012c3c       0xba /module/examples/ai/classification/BUILD/GAP8_V2/GCC_RISCV_FREERTOS//gap_sdk/rtos/freeRTOS/vendors/gwt/gap8/pmsis/drivers/pmu/pmu_internal.o
 .text.__pi_pmu_init
                0x000000001c012cf6       0xfa /module/examples/ai/classification/BUILD/GAP8_V2/GCC_RISCV_FREERTOS//gap_sdk/rtos/freeRTOS/vendors/gwt/gap8/pmsis/drivers/pmu/pmu_internal.o
                0x000000001c012cf6                __pi_pmu_init
 .text.__pi_pmu_voltage_set
                0x000000001c012df0       0x96 /module/examples/ai/classification/BUILD/GAP8_V2/GCC_RISCV_FREERTOS//gap_sdk/rtos/freeRTOS/vendors/gwt/gap8/pmsis/drivers/pmu/pmu_internal.o
                0x000000001c012df0                __pi_pmu_voltage_set
 .text.__pi_pmu_cluster_power_on
                0x000000001c012e86       0xec /module/examples/ai/classification/BUILD/GAP8_V2/GCC_RISCV_FREERTOS//gap_sdk/rtos/freeRTOS/vendors/gwt/gap8/pmsis/drivers/pmu/pmu_internal.o
                0x000000001c012e86                __pi_pmu_cluster_power_on
 .text.__pi_pmu_cluster_power_off
                0x000000001c012f72       0xa4 /module/examples/ai/classification/BUILD/GAP8_V2/GCC_RISCV_FREERTOS//gap_sdk/rtos/freeRTOS/vendors/gwt/gap8/pmsis/drivers/pmu/pmu_internal.o
                0x000000001c012f72                __pi_pmu_cluster_power_off
 .text.pi_timer_init
                0x000000001c013016       0x36 /module/examples/ai/classification/BUILD/GAP8_V2/GCC_RISCV_FREERTOS//gap_sdk/rtos/freeRTOS/vendors/gwt/gap8/pmsis/drivers/timer/timer.o
                0x000000001c013016                pi_timer_init
 .text.pi_timer_stop
                0x000000001c01304c       0x2a /module/examples/ai/classification/BUILD/GAP8_V2/GCC_RISCV_FREERTOS//gap_sdk/rtos/freeRTOS/vendors/gwt/gap8/pmsis/drivers/timer/timer.o
                0x000000001c01304c                pi_timer_stop
 .text.pi_hyper_conf_init
                0x000000001c013076       0x2a /module/examples/ai/classification/BUILD/GAP8_V2/GCC_RISCV_FREERTOS//gap_sdk/rtos/freeRTOS/vendors/gwt/gap8/pmsis/drivers/udma/hyperbus/hyperbus.o
                0x000000001c013076                pi_hyper_conf_init
 .text.pi_hyper_open
                0x000000001c0130a0      0x14c /module/examples/ai/classification/BUILD/GAP8_V2/GCC_RISCV_FREERTOS//gap_sdk/rtos/freeRTOS/vendors/gwt/gap8/pmsis/drivers/udma/hyperbus/hyperbus.o
                0x000000001c0130a0                pi_hyper_open
 .text.pi_hyper_close
                0x000000001c0131ec       0xe2 /module/examples/ai/classification/BUILD/GAP8_V2/GCC_RISCV_FREERTOS//gap_sdk/rtos/freeRTOS/vendors/gwt/gap8/pmsis/drivers/udma/hyperbus/hyperbus.o
                0x000000001c0131ec                pi_hyper_close
 .text.__pi_hyper_copy_aligned
                0x000000001c0132ce       0x50 /module/examples/ai/classification/BUILD/GAP8_V2/GCC_RISCV_FREERTOS//gap_sdk/rtos/freeRTOS/vendors/gwt/gap8/pmsis/drivers/udma/hyperbus/hyperbus_internal.o
 .text.__pi_hyper_copy_misaligned
                0x000000001c01331e      0x32c /module/examples/ai/classification/BUILD/GAP8_V2/GCC_RISCV_FREERTOS//gap_sdk/rtos/freeRTOS/vendors/gwt/gap8/pmsis/drivers/udma/hyperbus/hyperbus_internal.o
 .text.__pi_hyper_copy_exec
                0x000000001c01364a       0x58 /module/examples/ai/classification/BUILD/GAP8_V2/GCC_RISCV_FREERTOS//gap_sdk/rtos/freeRTOS/vendors/gwt/gap8/pmsis/drivers/udma/hyperbus/hyperbus_internal.o
 .text.__pi_hyper_task_fifo_enqueue
                0x000000001c0136a2       0x2c /module/examples/ai/classification/BUILD/GAP8_V2/GCC_RISCV_FREERTOS//gap_sdk/rtos/freeRTOS/vendors/gwt/gap8/pmsis/drivers/udma/hyperbus/hyperbus_internal.o
 .text.__pi_hyper_settings
                0x000000001c0136ce      0x19e /module/examples/ai/classification/BUILD/GAP8_V2/GCC_RISCV_FREERTOS//gap_sdk/rtos/freeRTOS/vendors/gwt/gap8/pmsis/drivers/udma/hyperbus/hyperbus_internal.o
                0x000000001c0136ce                __pi_hyper_settings
 .text.__pi_hyper_pin_settings
                0x000000001c01386c       0x2c /module/examples/ai/classification/BUILD/GAP8_V2/GCC_RISCV_FREERTOS//gap_sdk/rtos/freeRTOS/vendors/gwt/gap8/pmsis/drivers/udma/hyperbus/hyperbus_internal.o
                0x000000001c01386c                __pi_hyper_pin_settings
 .text.__pi_hyper_pin_reset_settings
                0x000000001c013898       0x2c /module/examples/ai/classification/BUILD/GAP8_V2/GCC_RISCV_FREERTOS//gap_sdk/rtos/freeRTOS/vendors/gwt/gap8/pmsis/drivers/udma/hyperbus/hyperbus_internal.o
                0x000000001c013898                __pi_hyper_pin_reset_settings
 .text.__pi_hyper_copy
                0x000000001c0138c4       0x64 /module/examples/ai/classification/BUILD/GAP8_V2/GCC_RISCV_FREERTOS//gap_sdk/rtos/freeRTOS/vendors/gwt/gap8/pmsis/drivers/udma/hyperbus/hyperbus_internal.o
                0x000000001c0138c4                __pi_hyper_copy
 .text.__pi_hyper_copy_2d
                0x000000001c013928       0x82 /module/examples/ai/classification/BUILD/GAP8_V2/GCC_RISCV_FREERTOS//gap_sdk/rtos/freeRTOS/vendors/gwt/gap8/pmsis/drivers/udma/hyperbus/hyperbus_internal.o
                0x000000001c013928                __pi_hyper_copy_2d
 .text.pi_cpi_conf_init
                0x000000001c0139aa        0xc /module/examples/ai/classification/BUILD/GAP8_V2/GCC_RISCV_FREERTOS//gap_sdk/rtos/freeRTOS/vendors/gwt/gap8/pmsis/drivers/udma/cpi/cpi.o
                0x000000001c0139aa                pi_cpi_conf_init
 .text.pi_cpi_open
                0x000000001c0139b6       0x12 /module/examples/ai/classification/BUILD/GAP8_V2/GCC_RISCV_FREERTOS//gap_sdk/rtos/freeRTOS/vendors/gwt/gap8/pmsis/drivers/udma/cpi/cpi.o
                0x000000001c0139b6                pi_cpi_open
 .text.pi_cpi_close
                0x000000001c0139c8       0x1e /module/examples/ai/classification/BUILD/GAP8_V2/GCC_RISCV_FREERTOS//gap_sdk/rtos/freeRTOS/vendors/gwt/gap8/pmsis/drivers/udma/cpi/cpi.o
                0x000000001c0139c8                pi_cpi_close
 .text.pi_cpi_capture_async
                0x000000001c0139e6        0xe /module/examples/ai/classification/BUILD/GAP8_V2/GCC_RISCV_FREERTOS//gap_sdk/rtos/freeRTOS/vendors/gwt/gap8/pmsis/drivers/udma/cpi/cpi.o
                0x000000001c0139e6                pi_cpi_capture_async
 .text.__pi_cpi_copy_exec
                0x000000001c0139f4       0xb8 /module/examples/ai/classification/BUILD/GAP8_V2/GCC_RISCV_FREERTOS//gap_sdk/rtos/freeRTOS/vendors/gwt/gap8/pmsis/drivers/udma/cpi/cpi_internal.o
 .text.__pi_cpi_handler
                0x000000001c013aac      0x126 /module/examples/ai/classification/BUILD/GAP8_V2/GCC_RISCV_FREERTOS//gap_sdk/rtos/freeRTOS/vendors/gwt/gap8/pmsis/drivers/udma/cpi/cpi_internal.o
 .text.__pi_cpi_conf_init
                0x000000001c013bd2       0x10 /module/examples/ai/classification/BUILD/GAP8_V2/GCC_RISCV_FREERTOS//gap_sdk/rtos/freeRTOS/vendors/gwt/gap8/pmsis/drivers/udma/cpi/cpi_internal.o
                0x000000001c013bd2                __pi_cpi_conf_init
 .text.__pi_cpi_open
                0x000000001c013be2       0xec /module/examples/ai/classification/BUILD/GAP8_V2/GCC_RISCV_FREERTOS//gap_sdk/rtos/freeRTOS/vendors/gwt/gap8/pmsis/drivers/udma/cpi/cpi_internal.o
                0x000000001c013be2                __pi_cpi_open
 .text.__pi_cpi_close
                0x000000001c013cce       0x8a /module/examples/ai/classification/BUILD/GAP8_V2/GCC_RISCV_FREERTOS//gap_sdk/rtos/freeRTOS/vendors/gwt/gap8/pmsis/drivers/udma/cpi/cpi_internal.o
                0x000000001c013cce                __pi_cpi_close
 .text.__pi_cpi_copy
                0x000000001c013d58       0x60 /module/examples/ai/classification/BUILD/GAP8_V2/GCC_RISCV_FREERTOS//gap_sdk/rtos/freeRTOS/vendors/gwt/gap8/pmsis/drivers/udma/cpi/cpi_internal.o
                0x000000001c013d58                __pi_cpi_copy
 .text.pi_i2c_conf_init
                0x000000001c013db8        0xc /module/examples/ai/classification/BUILD/GAP8_V2/GCC_RISCV_FREERTOS//gap_sdk/rtos/freeRTOS/vendors/gwt/gap8/pmsis/drivers/udma/i2c/i2c.o
                0x000000001c013db8                pi_i2c_conf_init
 .text.pi_i2c_open
                0x000000001c013dc4       0x12 /module/examples/ai/classification/BUILD/GAP8_V2/GCC_RISCV_FREERTOS//gap_sdk/rtos/freeRTOS/vendors/gwt/gap8/pmsis/drivers/udma/i2c/i2c.o
                0x000000001c013dc4                pi_i2c_open
 .text.pi_i2c_read_async
                0x000000001c013dd6       0x12 /module/examples/ai/classification/BUILD/GAP8_V2/GCC_RISCV_FREERTOS//gap_sdk/rtos/freeRTOS/vendors/gwt/gap8/pmsis/drivers/udma/i2c/i2c.o
                0x000000001c013dd6                pi_i2c_read_async
 .text.pi_i2c_read
                0x000000001c013de8       0x44 /module/examples/ai/classification/BUILD/GAP8_V2/GCC_RISCV_FREERTOS//gap_sdk/rtos/freeRTOS/vendors/gwt/gap8/pmsis/drivers/udma/i2c/i2c.o
                0x000000001c013de8                pi_i2c_read
 .text.pi_i2c_write_async
                0x000000001c013e2c       0x12 /module/examples/ai/classification/BUILD/GAP8_V2/GCC_RISCV_FREERTOS//gap_sdk/rtos/freeRTOS/vendors/gwt/gap8/pmsis/drivers/udma/i2c/i2c.o
                0x000000001c013e2c                pi_i2c_write_async
 .text.pi_i2c_write
                0x000000001c013e3e       0x44 /module/examples/ai/classification/BUILD/GAP8_V2/GCC_RISCV_FREERTOS//gap_sdk/rtos/freeRTOS/vendors/gwt/gap8/pmsis/drivers/udma/i2c/i2c.o
                0x000000001c013e3e                pi_i2c_write
 .text.__pi_i2c_copy_exec_read
                0x000000001c013e82       0xd8 /module/examples/ai/classification/BUILD/GAP8_V2/GCC_RISCV_FREERTOS//gap_sdk/rtos/freeRTOS/vendors/gwt/gap8/pmsis/drivers/udma/i2c/i2c_internal.o
 .text.__pi_i2c_clk_div_get
                0x000000001c013f5a       0x3a /module/examples/ai/classification/BUILD/GAP8_V2/GCC_RISCV_FREERTOS//gap_sdk/rtos/freeRTOS/vendors/gwt/gap8/pmsis/drivers/udma/i2c/i2c_internal.o
 .text.__pi_i2c_freq_cb
                0x000000001c013f94       0x42 /module/examples/ai/classification/BUILD/GAP8_V2/GCC_RISCV_FREERTOS//gap_sdk/rtos/freeRTOS/vendors/gwt/gap8/pmsis/drivers/udma/i2c/i2c_internal.o
 .text.__pi_i2c_copy_exec_write
                0x000000001c013fd6       0xcc /module/examples/ai/classification/BUILD/GAP8_V2/GCC_RISCV_FREERTOS//gap_sdk/rtos/freeRTOS/vendors/gwt/gap8/pmsis/drivers/udma/i2c/i2c_internal.o
 .text.__pi_i2c_handler
                0x000000001c0140a2      0x106 /module/examples/ai/classification/BUILD/GAP8_V2/GCC_RISCV_FREERTOS//gap_sdk/rtos/freeRTOS/vendors/gwt/gap8/pmsis/drivers/udma/i2c/i2c_internal.o
 .text.__pi_i2c_conf_init
                0x000000001c0141a8       0x18 /module/examples/ai/classification/BUILD/GAP8_V2/GCC_RISCV_FREERTOS//gap_sdk/rtos/freeRTOS/vendors/gwt/gap8/pmsis/drivers/udma/i2c/i2c_internal.o
                0x000000001c0141a8                __pi_i2c_conf_init
 .text.__pi_i2c_open
                0x000000001c0141c0      0x1e2 /module/examples/ai/classification/BUILD/GAP8_V2/GCC_RISCV_FREERTOS//gap_sdk/rtos/freeRTOS/vendors/gwt/gap8/pmsis/drivers/udma/i2c/i2c_internal.o
                0x000000001c0141c0                __pi_i2c_open
 .text.__pi_i2c_copy
                0x000000001c0143a2       0x66 /module/examples/ai/classification/BUILD/GAP8_V2/GCC_RISCV_FREERTOS//gap_sdk/rtos/freeRTOS/vendors/gwt/gap8/pmsis/drivers/udma/i2c/i2c_internal.o
                0x000000001c0143a2                __pi_i2c_copy
 .text.pi_uart_conf_init
                0x000000001c014408        0xc /module/examples/ai/classification/BUILD/GAP8_V2/GCC_RISCV_FREERTOS//gap_sdk/rtos/freeRTOS/vendors/gwt/gap8/pmsis/drivers/udma/uart/uart.o
                0x000000001c014408                pi_uart_conf_init
 .text.pi_uart_open
                0x000000001c014414       0x10 /module/examples/ai/classification/BUILD/GAP8_V2/GCC_RISCV_FREERTOS//gap_sdk/rtos/freeRTOS/vendors/gwt/gap8/pmsis/drivers/udma/uart/uart.o
                0x000000001c014414                pi_uart_open
 .text.pi_uart_close
                0x000000001c014424       0x1e /module/examples/ai/classification/BUILD/GAP8_V2/GCC_RISCV_FREERTOS//gap_sdk/rtos/freeRTOS/vendors/gwt/gap8/pmsis/drivers/udma/uart/uart.o
                0x000000001c014424                pi_uart_close
 .text.pi_uart_write_async
                0x000000001c014442       0x12 /module/examples/ai/classification/BUILD/GAP8_V2/GCC_RISCV_FREERTOS//gap_sdk/rtos/freeRTOS/vendors/gwt/gap8/pmsis/drivers/udma/uart/uart.o
                0x000000001c014442                pi_uart_write_async
 .text.pi_uart_write
                0x000000001c014454       0x4a /module/examples/ai/classification/BUILD/GAP8_V2/GCC_RISCV_FREERTOS//gap_sdk/rtos/freeRTOS/vendors/gwt/gap8/pmsis/drivers/udma/uart/uart.o
                0x000000001c014454                pi_uart_write
 .text.__pi_uart_rx_abort
                0x000000001c01449e       0x24 /module/examples/ai/classification/BUILD/GAP8_V2/GCC_RISCV_FREERTOS//gap_sdk/rtos/freeRTOS/vendors/gwt/gap8/pmsis/drivers/udma/uart/uart_internal.o
 .text.__pi_uart_tx_abort
                0x000000001c0144c2       0x24 /module/examples/ai/classification/BUILD/GAP8_V2/GCC_RISCV_FREERTOS//gap_sdk/rtos/freeRTOS/vendors/gwt/gap8/pmsis/drivers/udma/uart/uart_internal.o
 .text.__pi_uart_copy_exec
                0x000000001c0144e6       0x48 /module/examples/ai/classification/BUILD/GAP8_V2/GCC_RISCV_FREERTOS//gap_sdk/rtos/freeRTOS/vendors/gwt/gap8/pmsis/drivers/udma/uart/uart_internal.o
 .text.__pi_uart_freq_cb
                0x000000001c01452e       0xaa /module/examples/ai/classification/BUILD/GAP8_V2/GCC_RISCV_FREERTOS//gap_sdk/rtos/freeRTOS/vendors/gwt/gap8/pmsis/drivers/udma/uart/uart_internal.o
 .text.__pi_uart_handler
                0x000000001c0145d8       0x82 /module/examples/ai/classification/BUILD/GAP8_V2/GCC_RISCV_FREERTOS//gap_sdk/rtos/freeRTOS/vendors/gwt/gap8/pmsis/drivers/udma/uart/uart_internal.o
 .text.__pi_uart_conf_init
                0x000000001c01465a       0x28 /module/examples/ai/classification/BUILD/GAP8_V2/GCC_RISCV_FREERTOS//gap_sdk/rtos/freeRTOS/vendors/gwt/gap8/pmsis/drivers/udma/uart/uart_internal.o
                0x000000001c01465a                __pi_uart_conf_init
 .text.__pi_uart_open
                0x000000001c014682      0x1ce /module/examples/ai/classification/BUILD/GAP8_V2/GCC_RISCV_FREERTOS//gap_sdk/rtos/freeRTOS/vendors/gwt/gap8/pmsis/drivers/udma/uart/uart_internal.o
                0x000000001c014682                __pi_uart_open
 .text.__pi_uart_close
                0x000000001c014850       0xf8 /module/examples/ai/classification/BUILD/GAP8_V2/GCC_RISCV_FREERTOS//gap_sdk/rtos/freeRTOS/vendors/gwt/gap8/pmsis/drivers/udma/uart/uart_internal.o
                0x000000001c014850                __pi_uart_close
 .text.__pi_uart_copy
                0x000000001c014948       0x86 /module/examples/ai/classification/BUILD/GAP8_V2/GCC_RISCV_FREERTOS//gap_sdk/rtos/freeRTOS/vendors/gwt/gap8/pmsis/drivers/udma/uart/uart_internal.o
                0x000000001c014948                __pi_uart_copy
 .text.pi_flash_open
                0x000000001c0149ce       0x14 /module/examples/ai/classification/BUILD/GAP8_V2/GCC_RISCV_FREERTOS//gap_sdk/rtos/pmsis/pmsis_bsp/flash/flash.o
                0x000000001c0149ce                pi_flash_open
 .text.__flash_conf_init
                0x000000001c0149e2        0x2 /module/examples/ai/classification/BUILD/GAP8_V2/GCC_RISCV_FREERTOS//gap_sdk/rtos/pmsis/pmsis_bsp/flash/flash.o
                0x000000001c0149e2                __flash_conf_init
 .text.pi_partition_get_flash_offset
                0x000000001c0149e4        0xa /module/examples/ai/classification/BUILD/GAP8_V2/GCC_RISCV_FREERTOS//gap_sdk/rtos/pmsis/pmsis_bsp/partition/partition.o
                0x000000001c0149e4                pi_partition_get_flash_offset
 .text.pi_partition_table_free
                0x000000001c0149ee        0xc /module/examples/ai/classification/BUILD/GAP8_V2/GCC_RISCV_FREERTOS//gap_sdk/rtos/pmsis/pmsis_bsp/partition/partition.o
                0x000000001c0149ee                pi_partition_table_free
 .text.pi_partition_table_load
                0x000000001c0149fa        0xe /module/examples/ai/classification/BUILD/GAP8_V2/GCC_RISCV_FREERTOS//gap_sdk/rtos/pmsis/pmsis_bsp/partition/partition.o
                0x000000001c0149fa                pi_partition_table_load
 .text.pi_partition_find_first
                0x000000001c014a08       0x5e /module/examples/ai/classification/BUILD/GAP8_V2/GCC_RISCV_FREERTOS//gap_sdk/rtos/pmsis/pmsis_bsp/partition/partition.o
                0x000000001c014a08                pi_partition_find_first
 .text.flash_partition_table_verify
                0x000000001c014a66       0x84 /module/examples/ai/classification/BUILD/GAP8_V2/GCC_RISCV_FREERTOS//gap_sdk/rtos/pmsis/pmsis_bsp/partition/flash_partition.o
                0x000000001c014a66                flash_partition_table_verify
 .text.flash_partition_table_load
                0x000000001c014aea      0x146 /module/examples/ai/classification/BUILD/GAP8_V2/GCC_RISCV_FREERTOS//gap_sdk/rtos/pmsis/pmsis_bsp/partition/flash_partition.o
                0x000000001c014aea                flash_partition_table_load
 .text.flash_partition_table_free
                0x000000001c014c30       0x26 /module/examples/ai/classification/BUILD/GAP8_V2/GCC_RISCV_FREERTOS//gap_sdk/rtos/pmsis/pmsis_bsp/partition/flash_partition.o
                0x000000001c014c30                flash_partition_table_free
 .text.flash_partition_find_first
                0x000000001c014c56       0x8a /module/examples/ai/classification/BUILD/GAP8_V2/GCC_RISCV_FREERTOS//gap_sdk/rtos/pmsis/pmsis_bsp/partition/flash_partition.o
                0x000000001c014c56                flash_partition_find_first
 .text.body     0x000000001c014ce0      0xad4 /module/examples/ai/classification/BUILD/GAP8_V2/GCC_RISCV_FREERTOS//gap_sdk/rtos/pmsis/pmsis_bsp/crc/md5.o
 .text.MD5_Init
                0x000000001c0157b4       0x32 /module/examples/ai/classification/BUILD/GAP8_V2/GCC_RISCV_FREERTOS//gap_sdk/rtos/pmsis/pmsis_bsp/crc/md5.o
                0x000000001c0157b4                MD5_Init
 .text.MD5_Update
                0x000000001c0157e6       0xa8 /module/examples/ai/classification/BUILD/GAP8_V2/GCC_RISCV_FREERTOS//gap_sdk/rtos/pmsis/pmsis_bsp/crc/md5.o
                0x000000001c0157e6                MD5_Update
 .text.MD5_Final
                0x000000001c01588e      0x138 /module/examples/ai/classification/BUILD/GAP8_V2/GCC_RISCV_FREERTOS//gap_sdk/rtos/pmsis/pmsis_bsp/crc/md5.o
                0x000000001c01588e                MD5_Final
 .text.pi_fs_conf_init
                0x000000001c0159c6       0x12 /module/examples/ai/classification/BUILD/GAP8_V2/GCC_RISCV_FREERTOS//gap_sdk/rtos/pmsis/pmsis_bsp/fs/fs.o
                0x000000001c0159c6                pi_fs_conf_init
 .text.pi_fs_mount
                0x000000001c0159d8       0x36 /module/examples/ai/classification/BUILD/GAP8_V2/GCC_RISCV_FREERTOS//gap_sdk/rtos/pmsis/pmsis_bsp/fs/fs.o
                0x000000001c0159d8                pi_fs_mount
 .text.pi_fs_unmount
                0x000000001c015a0e       0x10 /module/examples/ai/classification/BUILD/GAP8_V2/GCC_RISCV_FREERTOS//gap_sdk/rtos/pmsis/pmsis_bsp/fs/fs.o
                0x000000001c015a0e                pi_fs_unmount
 .text.pi_fs_open
                0x000000001c015a1e       0x10 /module/examples/ai/classification/BUILD/GAP8_V2/GCC_RISCV_FREERTOS//gap_sdk/rtos/pmsis/pmsis_bsp/fs/fs.o
                0x000000001c015a1e                pi_fs_open
 .text.pi_fs_read_async
                0x000000001c015a2e       0x10 /module/examples/ai/classification/BUILD/GAP8_V2/GCC_RISCV_FREERTOS//gap_sdk/rtos/pmsis/pmsis_bsp/fs/fs.o
                0x000000001c015a2e                pi_fs_read_async
 .text.pi_fs_read
                0x000000001c015a3e       0x38 /module/examples/ai/classification/BUILD/GAP8_V2/GCC_RISCV_FREERTOS//gap_sdk/rtos/pmsis/pmsis_bsp/fs/fs.o
                0x000000001c015a3e                pi_fs_read
 .text.pi_fs_write_async
                0x000000001c015a76       0x10 /module/examples/ai/classification/BUILD/GAP8_V2/GCC_RISCV_FREERTOS//gap_sdk/rtos/pmsis/pmsis_bsp/fs/fs.o
                0x000000001c015a76                pi_fs_write_async
 .text.pi_fs_write
                0x000000001c015a86       0x38 /module/examples/ai/classification/BUILD/GAP8_V2/GCC_RISCV_FREERTOS//gap_sdk/rtos/pmsis/pmsis_bsp/fs/fs.o
                0x000000001c015a86                pi_fs_write
 .text.pi_fs_copy_async
                0x000000001c015abe       0x14 /module/examples/ai/classification/BUILD/GAP8_V2/GCC_RISCV_FREERTOS//gap_sdk/rtos/pmsis/pmsis_bsp/fs/fs.o
                0x000000001c015abe                pi_fs_copy_async
 .text.__pi_read_fs_write
                0x000000001c015ad2       0x3e /module/examples/ai/classification/BUILD/GAP8_V2/GCC_RISCV_FREERTOS//gap_sdk/rtos/pmsis/pmsis_bsp/fs/read_fs/read_fs.o
 .text.__pi_read_fs_seek
                0x000000001c015b10       0x10 /module/examples/ai/classification/BUILD/GAP8_V2/GCC_RISCV_FREERTOS//gap_sdk/rtos/pmsis/pmsis_bsp/fs/read_fs/read_fs.o
 .text.__pi_read_fs_direct_read_async
                0x000000001c015b20       0x40 /module/examples/ai/classification/BUILD/GAP8_V2/GCC_RISCV_FREERTOS//gap_sdk/rtos/pmsis/pmsis_bsp/fs/read_fs/read_fs.o
 .text.__pi_read_fs_copy_async
                0x000000001c015b60       0x22 /module/examples/ai/classification/BUILD/GAP8_V2/GCC_RISCV_FREERTOS//gap_sdk/rtos/pmsis/pmsis_bsp/fs/read_fs/read_fs.o
 .text.__pi_read_fs_copy_2d_async
                0x000000001c015b82       0x22 /module/examples/ai/classification/BUILD/GAP8_V2/GCC_RISCV_FREERTOS//gap_sdk/rtos/pmsis/pmsis_bsp/fs/read_fs/read_fs.o
 .text.__pi_fs_read_cached
                0x000000001c015ba4       0x72 /module/examples/ai/classification/BUILD/GAP8_V2/GCC_RISCV_FREERTOS//gap_sdk/rtos/pmsis/pmsis_bsp/fs/read_fs/read_fs.o
 .text.__pi_read_fs_close
                0x000000001c015c16       0x60 /module/examples/ai/classification/BUILD/GAP8_V2/GCC_RISCV_FREERTOS//gap_sdk/rtos/pmsis/pmsis_bsp/fs/read_fs/read_fs.o
 .text.__pi_fs_free
                0x000000001c015c76       0x34 /module/examples/ai/classification/BUILD/GAP8_V2/GCC_RISCV_FREERTOS//gap_sdk/rtos/pmsis/pmsis_bsp/fs/read_fs/read_fs.o
 .text.__pi_read_fs_unmount
                0x000000001c015caa       0x10 /module/examples/ai/classification/BUILD/GAP8_V2/GCC_RISCV_FREERTOS//gap_sdk/rtos/pmsis/pmsis_bsp/fs/read_fs/read_fs.o
 .text.__pi_read_fs_open
                0x000000001c015cba      0x130 /module/examples/ai/classification/BUILD/GAP8_V2/GCC_RISCV_FREERTOS//gap_sdk/rtos/pmsis/pmsis_bsp/fs/read_fs/read_fs.o
 .text.__pi_fs_mount_step
                0x000000001c015dea      0x156 /module/examples/ai/classification/BUILD/GAP8_V2/GCC_RISCV_FREERTOS//gap_sdk/rtos/pmsis/pmsis_bsp/fs/read_fs/read_fs.o
 .text.__pi_read_fs_mount
                0x000000001c015f40       0x7a /module/examples/ai/classification/BUILD/GAP8_V2/GCC_RISCV_FREERTOS//gap_sdk/rtos/pmsis/pmsis_bsp/fs/read_fs/read_fs.o
 .text.__pi_fs_read
                0x000000001c015fba       0xd2 /module/examples/ai/classification/BUILD/GAP8_V2/GCC_RISCV_FREERTOS//gap_sdk/rtos/pmsis/pmsis_bsp/fs/read_fs/read_fs.o
                0x000000001c015fba                __pi_fs_read
 .text.__pi_read_fs_try_read
                0x000000001c01608c       0xca /module/examples/ai/classification/BUILD/GAP8_V2/GCC_RISCV_FREERTOS//gap_sdk/rtos/pmsis/pmsis_bsp/fs/read_fs/read_fs.o
 .text.__pi_read_fs_read_async
                0x000000001c016156       0x38 /module/examples/ai/classification/BUILD/GAP8_V2/GCC_RISCV_FREERTOS//gap_sdk/rtos/pmsis/pmsis_bsp/fs/read_fs/read_fs.o
 .text.semihost_open
                0x000000001c01618e       0x36 /module/examples/ai/classification/BUILD/GAP8_V2/GCC_RISCV_FREERTOS//gap_sdk/rtos/pmsis/pmsis_bsp/fs/host_fs/semihost.o
                0x000000001c01618e                semihost_open
 .text.semihost_close
                0x000000001c0161c4       0x12 /module/examples/ai/classification/BUILD/GAP8_V2/GCC_RISCV_FREERTOS//gap_sdk/rtos/pmsis/pmsis_bsp/fs/host_fs/semihost.o
                0x000000001c0161c4                semihost_close
 .text.semihost_read
                0x000000001c0161d6       0x22 /module/examples/ai/classification/BUILD/GAP8_V2/GCC_RISCV_FREERTOS//gap_sdk/rtos/pmsis/pmsis_bsp/fs/host_fs/semihost.o
                0x000000001c0161d6                semihost_read
 .text.semihost_write
                0x000000001c0161f8       0x22 /module/examples/ai/classification/BUILD/GAP8_V2/GCC_RISCV_FREERTOS//gap_sdk/rtos/pmsis/pmsis_bsp/fs/host_fs/semihost.o
                0x000000001c0161f8                semihost_write
 .text.semihost_seek
                0x000000001c01621a       0x1a /module/examples/ai/classification/BUILD/GAP8_V2/GCC_RISCV_FREERTOS//gap_sdk/rtos/pmsis/pmsis_bsp/fs/host_fs/semihost.o
                0x000000001c01621a                semihost_seek
 .text.semihost_exit
                0x000000001c016234       0x12 /module/examples/ai/classification/BUILD/GAP8_V2/GCC_RISCV_FREERTOS//gap_sdk/rtos/pmsis/pmsis_bsp/fs/host_fs/semihost.o
                0x000000001c016234                semihost_exit
 .text.__pi_host_fs_mount
                0x000000001c016246        0xc /module/examples/ai/classification/BUILD/GAP8_V2/GCC_RISCV_FREERTOS//gap_sdk/rtos/pmsis/pmsis_bsp/fs/host_fs/host_fs.o
 .text.__pi_host_fs_unmount
                0x000000001c016252        0x2 /module/examples/ai/classification/BUILD/GAP8_V2/GCC_RISCV_FREERTOS//gap_sdk/rtos/pmsis/pmsis_bsp/fs/host_fs/host_fs.o
 .text.__pi_host_fs_seek
                0x000000001c016254       0x10 /module/examples/ai/classification/BUILD/GAP8_V2/GCC_RISCV_FREERTOS//gap_sdk/rtos/pmsis/pmsis_bsp/fs/host_fs/host_fs.o
 .text.__pi_host_fs_close
                0x000000001c016264       0x1e /module/examples/ai/classification/BUILD/GAP8_V2/GCC_RISCV_FREERTOS//gap_sdk/rtos/pmsis/pmsis_bsp/fs/host_fs/host_fs.o
 .text.__pi_host_fs_open
                0x000000001c016282       0x6a /module/examples/ai/classification/BUILD/GAP8_V2/GCC_RISCV_FREERTOS//gap_sdk/rtos/pmsis/pmsis_bsp/fs/host_fs/host_fs.o
 .text.__pi_host_fs_write_async
                0x000000001c0162ec       0x36 /module/examples/ai/classification/BUILD/GAP8_V2/GCC_RISCV_FREERTOS//gap_sdk/rtos/pmsis/pmsis_bsp/fs/host_fs/host_fs.o
 .text.__pi_host_fs_read_async
                0x000000001c016322       0x38 /module/examples/ai/classification/BUILD/GAP8_V2/GCC_RISCV_FREERTOS//gap_sdk/rtos/pmsis/pmsis_bsp/fs/host_fs/host_fs.o
 .text.__pi_host_fs_copy_async
                0x000000001c01635a       0x4e /module/examples/ai/classification/BUILD/GAP8_V2/GCC_RISCV_FREERTOS//gap_sdk/rtos/pmsis/pmsis_bsp/fs/host_fs/host_fs.o
 .text.__pi_host_fs_direct_read_async
                0x000000001c0163a8       0x38 /module/examples/ai/classification/BUILD/GAP8_V2/GCC_RISCV_FREERTOS//gap_sdk/rtos/pmsis/pmsis_bsp/fs/host_fs/host_fs.o
 .text.__pi_host_fs_copy_2d_async
                0x000000001c0163e0       0xba /module/examples/ai/classification/BUILD/GAP8_V2/GCC_RISCV_FREERTOS//gap_sdk/rtos/pmsis/pmsis_bsp/fs/host_fs/host_fs.o
 .text.__bsp_init_pads
                0x000000001c01649a       0x40 /module/examples/ai/classification/BUILD/GAP8_V2/GCC_RISCV_FREERTOS//gap_sdk/rtos/pmsis/pmsis_bsp/bsp/ai_deck.o
 .text.bsp_hyperram_conf_init
                0x000000001c0164da       0x18 /module/examples/ai/classification/BUILD/GAP8_V2/GCC_RISCV_FREERTOS//gap_sdk/rtos/pmsis/pmsis_bsp/bsp/ai_deck.o
                0x000000001c0164da                bsp_hyperram_conf_init
 .text.bsp_hyperram_open
                0x000000001c0164f2       0x10 /module/examples/ai/classification/BUILD/GAP8_V2/GCC_RISCV_FREERTOS//gap_sdk/rtos/pmsis/pmsis_bsp/bsp/ai_deck.o
                0x000000001c0164f2                bsp_hyperram_open
 .text.bsp_hyperflash_conf_init
                0x000000001c016502        0xa /module/examples/ai/classification/BUILD/GAP8_V2/GCC_RISCV_FREERTOS//gap_sdk/rtos/pmsis/pmsis_bsp/bsp/ai_deck.o
                0x000000001c016502                bsp_hyperflash_conf_init
 .text.bsp_hyperflash_open
                0x000000001c01650c       0x10 /module/examples/ai/classification/BUILD/GAP8_V2/GCC_RISCV_FREERTOS//gap_sdk/rtos/pmsis/pmsis_bsp/bsp/ai_deck.o
                0x000000001c01650c                bsp_hyperflash_open
 .text.bsp_himax_conf_init
                0x000000001c01651c       0x1c /module/examples/ai/classification/BUILD/GAP8_V2/GCC_RISCV_FREERTOS//gap_sdk/rtos/pmsis/pmsis_bsp/bsp/ai_deck.o
                0x000000001c01651c                bsp_himax_conf_init
 .text.bsp_himax_open
                0x000000001c016538       0x10 /module/examples/ai/classification/BUILD/GAP8_V2/GCC_RISCV_FREERTOS//gap_sdk/rtos/pmsis/pmsis_bsp/bsp/ai_deck.o
                0x000000001c016538                bsp_himax_open
 .text.pi_bsp_init
                0x000000001c016548        0xe /module/examples/ai/classification/BUILD/GAP8_V2/GCC_RISCV_FREERTOS//gap_sdk/rtos/pmsis/pmsis_bsp/bsp/ai_deck.o
                0x000000001c016548                pi_bsp_init
 .text.pi_camera_open
                0x000000001c016556       0x14 /module/examples/ai/classification/BUILD/GAP8_V2/GCC_RISCV_FREERTOS//gap_sdk/rtos/pmsis/pmsis_bsp/camera/camera.o
                0x000000001c016556                pi_camera_open
 .text.__camera_conf_init
                0x000000001c01656a        0x2 /module/examples/ai/classification/BUILD/GAP8_V2/GCC_RISCV_FREERTOS//gap_sdk/rtos/pmsis/pmsis_bsp/camera/camera.o
                0x000000001c01656a                __camera_conf_init
 .text.__himax_reg_write
                0x000000001c01656c       0x2a /module/examples/ai/classification/BUILD/GAP8_V2/GCC_RISCV_FREERTOS//gap_sdk/rtos/pmsis/pmsis_bsp/camera/himax/himax.o
 .text.__himax_init_regs
                0x000000001c016596       0x3e /module/examples/ai/classification/BUILD/GAP8_V2/GCC_RISCV_FREERTOS//gap_sdk/rtos/pmsis/pmsis_bsp/camera/himax/himax.o
 .text.__himax_set_qqvga
                0x000000001c0165d4       0x32 /module/examples/ai/classification/BUILD/GAP8_V2/GCC_RISCV_FREERTOS//gap_sdk/rtos/pmsis/pmsis_bsp/camera/himax/himax.o
 .text.__himax_reg_set
                0x000000001c016606       0x1a /module/examples/ai/classification/BUILD/GAP8_V2/GCC_RISCV_FREERTOS//gap_sdk/rtos/pmsis/pmsis_bsp/camera/himax/himax.o
                0x000000001c016606                __himax_reg_set
 .text.__himax_reg_read
                0x000000001c016620       0x44 /module/examples/ai/classification/BUILD/GAP8_V2/GCC_RISCV_FREERTOS//gap_sdk/rtos/pmsis/pmsis_bsp/camera/himax/himax.o
 .text.__himax_reset
                0x000000001c016664       0x3c /module/examples/ai/classification/BUILD/GAP8_V2/GCC_RISCV_FREERTOS//gap_sdk/rtos/pmsis/pmsis_bsp/camera/himax/himax.o
 .text.__himax_reg_get
                0x000000001c0166a0       0x20 /module/examples/ai/classification/BUILD/GAP8_V2/GCC_RISCV_FREERTOS//gap_sdk/rtos/pmsis/pmsis_bsp/camera/himax/himax.o
                0x000000001c0166a0                __himax_reg_get
 .text.__himax_open
                0x000000001c0166c0      0x1ca /module/examples/ai/classification/BUILD/GAP8_V2/GCC_RISCV_FREERTOS//gap_sdk/rtos/pmsis/pmsis_bsp/camera/himax/himax.o
                0x000000001c0166c0                __himax_open
 .text.__himax_capture_async
                0x000000001c01688a       0x14 /module/examples/ai/classification/BUILD/GAP8_V2/GCC_RISCV_FREERTOS//gap_sdk/rtos/pmsis/pmsis_bsp/camera/himax/himax.o
                0x000000001c01688a                __himax_capture_async
 .text.__himax_standby
                0x000000001c01689e       0x24 /module/examples/ai/classification/BUILD/GAP8_V2/GCC_RISCV_FREERTOS//gap_sdk/rtos/pmsis/pmsis_bsp/camera/himax/himax.o
 .text.__himax_close
                0x000000001c0168c2       0x28 /module/examples/ai/classification/BUILD/GAP8_V2/GCC_RISCV_FREERTOS//gap_sdk/rtos/pmsis/pmsis_bsp/camera/himax/himax.o
 .text.__himax_reopen
                0x000000001c0168ea       0xe4 /module/examples/ai/classification/BUILD/GAP8_V2/GCC_RISCV_FREERTOS//gap_sdk/rtos/pmsis/pmsis_bsp/camera/himax/himax.o
                0x000000001c0168ea                __himax_reopen
 .text.__himax_control
                0x000000001c0169ce       0xb8 /module/examples/ai/classification/BUILD/GAP8_V2/GCC_RISCV_FREERTOS//gap_sdk/rtos/pmsis/pmsis_bsp/camera/himax/himax.o
 .text.pi_himax_conf_init
                0x000000001c016a86       0x30 /module/examples/ai/classification/BUILD/GAP8_V2/GCC_RISCV_FREERTOS//gap_sdk/rtos/pmsis/pmsis_bsp/camera/himax/himax.o
                0x000000001c016a86                pi_himax_conf_init
 .text.hyperflash_ioctl
                0x000000001c016ab6        0xe /module/examples/ai/classification/BUILD/GAP8_V2/GCC_RISCV_FREERTOS//gap_sdk/rtos/pmsis/pmsis_bsp/flash/hyperflash/hyperflash.o
 .text.pi_task_enqueue